2026-04-06T14:35:16 update: added The_Who-Who’s_Next/14.Too_Much_of_Anything.flac
2026-04-06T14:35:16 update: added The_Who-Who’s_Next/04.My_Wife.flac
2026-04-06T14:35:16 update: added The_Who-Who’s_Next/05.The_Song_Is_Over.flac
2026-04-06T14:35:16 update: added The_Who-Who’s_Next/11.Baby_Don’t_You_Do_It.flac
2026-04-06T14:35:17 update: added The_Who-Who’s_Next/06.Getting_in_Tune.flac
2026-04-06T14:35:17 update: added The_Who-Who’s_Next/03.Love_Ain’t_for_Keeping.flac
2026-04-06T14:35:17 update: added The_Who-Who’s_Next/12.Naked_Eye.flac
2026-04-06T14:35:17 update: added The_Who-Who’s_Next/09.Won’t_Get_Fooled_Again.flac
2026-04-06T14:35:17 update: added The_Who-Who’s_Next/10.Pure_and_Easy.flac
2026-04-06T14:35:17 update: added The_Who-Who’s_Next/02.Bargain.flac
2026-04-06T14:35:17 update: added The_Who-Who’s_Next/13.Water.flac
2026-04-06T14:35:17 update: added The_Who-Who’s_Next/16.Behind_Blue_Eyes.flac
2026-04-06T14:35:17 update: added The_Who-Who’s_Next/08.Behind_Blue_Eyes.flac
2026-04-06T14:35:17 update: added The_Who-Who’s_Next/07.Going_Mobile.flac
2026-04-06T14:35:17 update: added The_Who-Who’s_Next/01.Baba_O’Riley.flac
2026-04-06T14:35:17 update: added The_Who-Who’s_Next/15.I_Don’t_Even_Know_Myself.flac
2026-04-06T14:35:17 update: added Various-Guardians_of_the_Galaxy_Awesome_Mix,_Vol._1_Original_Motion_Picture_Soundtrack/04.David_Bowie-Moonage_Daydream.flac
2026-04-06T14:35:17 update: added Various-Guardians_of_the_Galaxy_Awesome_Mix,_Vol._1_Original_Motion_Picture_Soundtrack/07.The_Jackson_5-I_Want_You_Back.flac
2026-04-06T14:35:18 update: added Various-Guardians_of_the_Galaxy_Awesome_Mix,_Vol._1_Original_Motion_Picture_Soundtrack/05.Elvin_Bishop-Fooled_Around_and_Fell_in_Love.flac
2026-04-06T14:35:18 update: added Various-Guardians_of_the_Galaxy_Awesome_Mix,_Vol._1_Original_Motion_Picture_Soundtrack/10.Rupert_Holmes-Escape_(The_Piña_Colada_Song).flac
2026-04-06T14:35:18 update: added Various-Guardians_of_the_Galaxy_Awesome_Mix,_Vol._1_Original_Motion_Picture_Soundtrack/11.The_Five_Stairsteps-O‐o‐h_Child.flac
2026-04-06T14:35:18 update: added Various-Guardians_of_the_Galaxy_Awesome_Mix,_Vol._1_Original_Motion_Picture_Soundtrack/12.Marvin_Gaye_&_Tammi_Terrell-Ain’t_No_Mountain_High_Enough.flac
2026-04-06T14:35:18 update: added Various-Guardians_of_the_Galaxy_Awesome_Mix,_Vol._1_Original_Motion_Picture_Soundtrack/02.Raspberries-Go_All_the_Way.flac
2026-04-06T14:35:18 update: added Various-Guardians_of_the_Galaxy_Awesome_Mix,_Vol._1_Original_Motion_Picture_Soundtrack/01.Blue_Swede-Hooked_on_a_Feeling.flac
2026-04-06T14:35:18 update: added Various-Guardians_of_the_Galaxy_Awesome_Mix,_Vol._1_Original_Motion_Picture_Soundtrack/03.Norman_Greenbaum-Spirit_in_the_Sky.flac
2026-04-06T14:35:18 update: added Various-Guardians_of_the_Galaxy_Awesome_Mix,_Vol._1_Original_Motion_Picture_Soundtrack/08.Redbone-Come_and_Get_Your_Love.flac
2026-04-06T14:35:18 update: added Various-Guardians_of_the_Galaxy_Awesome_Mix,_Vol._1_Original_Motion_Picture_Soundtrack/06.10cc-I’m_Not_in_Love.flac
2026-04-06T14:35:18 update: added Various-Guardians_of_the_Galaxy_Awesome_Mix,_Vol._1_Original_Motion_Picture_Soundtrack/09.The_Runaways-Cherry_Bomb.flac
2026-04-06T14:35:18 update: added Big_Head_Todd_&_the_Monsters-Beautiful_World/10.If_You_Can’t_Slow_Down.flac
2026-04-06T14:35:18 update: added Big_Head_Todd_&_the_Monsters-Beautiful_World/03.Crazy_Mary.flac
2026-04-06T14:35:18 update: added Big_Head_Todd_&_the_Monsters-Beautiful_World/01.Resignation_Superman.flac
2026-04-06T14:35:18 update: added Big_Head_Todd_&_the_Monsters-Beautiful_World/07.Beautiful_World.flac
2026-04-06T14:35:19 update: added Big_Head_Todd_&_the_Monsters-Beautiful_World/11.Boom_Boom.flac
2026-04-06T14:35:19 update: added Big_Head_Todd_&_the_Monsters-Beautiful_World/09.Heart_of_Wilderness.flac
2026-04-06T14:35:19 update: added Big_Head_Todd_&_the_Monsters-Beautiful_World/12.These_Days_Without_You.flac
2026-04-06T14:35:19 update: added Big_Head_Todd_&_the_Monsters-Beautiful_World/02.Caroline.flac
2026-04-06T14:35:19 update: added Big_Head_Todd_&_the_Monsters-Beautiful_World/08.True_Lady.flac
2026-04-06T14:35:19 update: added Big_Head_Todd_&_the_Monsters-Beautiful_World/04.Helpless.flac
2026-04-06T14:35:19 update: added Big_Head_Todd_&_the_Monsters-Beautiful_World/06.Please_Don’t_Tell_Her.flac
2026-04-06T14:35:19 update: added Big_Head_Todd_&_the_Monsters-Beautiful_World/05.Tower.flac
2026-04-06T14:35:19 update: added Otis_Redding_&_Carla_Thomas-King_&_Queen/08.It_Takes_Two.flac
2026-04-06T14:35:19 update: added Otis_Redding_&_Carla_Thomas-King_&_Queen/03.Tramp.flac
2026-04-06T14:35:19 update: added Otis_Redding_&_Carla_Thomas-King_&_Queen/07.New_Years_Resolution.flac
2026-04-06T14:35:19 update: added Otis_Redding_&_Carla_Thomas-King_&_Queen/02.Let_Me_Be_Good_to_You.flac
2026-04-06T14:35:19 update: added Otis_Redding_&_Carla_Thomas-King_&_Queen/04.Tell_It_Like_It_Is.flac
2026-04-06T14:35:19 update: added Otis_Redding_&_Carla_Thomas-King_&_Queen/01.Knock_on_Wood.flac
2026-04-06T14:35:20 update: added Otis_Redding_&_Carla_Thomas-King_&_Queen/11.Ooh_Carla,_Ooh_Otis.flac
2026-04-06T14:35:20 update: added Otis_Redding_&_Carla_Thomas-King_&_Queen/10.Bring_It_on_Home_to_Me.flac
2026-04-06T14:35:20 update: added Otis_Redding_&_Carla_Thomas-King_&_Queen/09.Are_You_Lonely_for_Me_Baby.flac
2026-04-06T14:35:20 update: added Otis_Redding_&_Carla_Thomas-King_&_Queen/05.When_Something_Is_Wrong_With_My_Baby.flac
2026-04-06T14:35:20 update: added Otis_Redding_&_Carla_Thomas-King_&_Queen/06.Lovey_Dovey.flac
2026-04-06T14:35:20 update: added Malo-Malo/6.Peace.flac
2026-04-06T14:35:20 update: added Malo-Malo/2.Just_Say_Goodbye.flac
2026-04-06T14:35:24 update: added Malo-Malo/1.Pana.flac
2026-04-06T14:35:24 update: added Malo-Malo/5.Suavecito.flac
2026-04-06T14:35:24 update: added Malo-Malo/3.Cafe.flac
2026-04-06T14:35:24 update: added Malo-Malo/4.Nena.flac
2026-04-06T14:35:24 update: added Eric_Clapton-E.C._Was_Here/6.Further_On_up_the_Road.flac
2026-04-06T14:35:25 update: added Eric_Clapton-E.C._Was_Here/5.Ramblin’_on_My_Mind.flac
2026-04-06T14:35:25 update: added Eric_Clapton-E.C._Was_Here/3.Driftin’_Blues.flac
2026-04-06T14:35:25 update: added Eric_Clapton-E.C._Was_Here/1.Have_You_Ever_Loved_a_Woman.flac
2026-04-06T14:35:25 update: added Eric_Clapton-E.C._Was_Here/2.Presence_of_the_Lord.flac
2026-04-06T14:35:25 update: added Eric_Clapton-E.C._Was_Here/4.Can’t_Find_My_Way_Home.flac
2026-04-06T14:35:25 update: added Eric_Johnson-Tones/7.Bristol_Shore.flac
2026-04-06T14:35:25 update: added Eric_Johnson-Tones/4.Off_My_Mind.flac
2026-04-06T14:35:25 update: added Eric_Johnson-Tones/5.Desert_Song.flac
2026-04-06T14:35:25 update: added Eric_Johnson-Tones/9.Victory.flac
2026-04-06T14:35:25 update: added Eric_Johnson-Tones/8.Zap.flac
2026-04-06T14:35:25 update: added Eric_Johnson-Tones/2.Friends.flac
2026-04-06T14:35:25 update: added Eric_Johnson-Tones/6.Trail_of_Tears.flac
2026-04-06T14:35:25 update: added Eric_Johnson-Tones/3.Emerald_Eyes.flac
2026-04-06T14:35:25 update: added Eric_Johnson-Tones/1.Soulful_Terrain.flac
2026-04-06T14:35:26 update: added Joe_Satriani-Crystal_Planet/06.Lights_of_Heaven.flac
2026-04-06T14:35:26 update: added Joe_Satriani-Crystal_Planet/10.Secret_Prayer.flac
2026-04-06T14:35:26 update: added Joe_Satriani-Crystal_Planet/02.House_Full_of_Bullets.flac
2026-04-06T14:35:26 update: added Joe_Satriani-Crystal_Planet/01.Up_in_the_Sky.flac
2026-04-06T14:35:26 update: added Joe_Satriani-Crystal_Planet/03.Crystal_Planet.flac
2026-04-06T14:35:26 update: added Joe_Satriani-Crystal_Planet/07.Raspberry_Jam_Delta-V.flac
2026-04-06T14:35:26 update: added Joe_Satriani-Crystal_Planet/08.Ceremony.flac
2026-04-06T14:35:26 update: added Joe_Satriani-Crystal_Planet/09.With_Jupiter_in_Mind.flac
2026-04-06T14:35:26 update: added Joe_Satriani-Crystal_Planet/11.A_Train_of_Angels.flac
2026-04-06T14:35:26 update: added Joe_Satriani-Crystal_Planet/13.Psycho_Monkey.flac
2026-04-06T14:35:26 update: added Joe_Satriani-Crystal_Planet/04.Love_Thing.flac
2026-04-06T14:35:26 update: added Joe_Satriani-Crystal_Planet/15.Z.Z.’s_Song.flac
2026-04-06T14:35:26 update: added Joe_Satriani-Crystal_Planet/05.Trundrumbalind.flac
2026-04-06T14:35:27 update: added Joe_Satriani-Crystal_Planet/14.Time.flac
2026-04-06T14:35:27 update: added Joe_Satriani-Crystal_Planet/12.A_Piece_of_Liquid.flac
2026-04-06T14:35:27 update: added Mick_Jagger-Wandering_Spirit/08.Mother_of_a_Man.flac
2026-04-06T14:35:27 update: added Mick_Jagger-Wandering_Spirit/12.I’ve_Been_Lonely_for_So_Long.flac
2026-04-06T14:35:27 update: added Mick_Jagger-Wandering_Spirit/11.Hang_on_to_Me_Tonight.flac
2026-04-06T14:35:27 update: added Mick_Jagger-Wandering_Spirit/13.Angel_in_My_Heart.flac
2026-04-06T14:35:27 update: added Mick_Jagger-Wandering_Spirit/01.Wired_All_Night.flac
2026-04-06T14:35:27 update: added Mick_Jagger-Wandering_Spirit/06.Use_Me.flac
2026-04-06T14:35:27 update: added Mick_Jagger-Wandering_Spirit/07.Evening_Gown.flac
2026-04-06T14:35:27 update: added Mick_Jagger-Wandering_Spirit/02.Sweet_Thing.flac
2026-04-06T14:35:27 update: added Mick_Jagger-Wandering_Spirit/14.Handsome_Molly.flac
2026-04-06T14:35:27 update: added Mick_Jagger-Wandering_Spirit/05.Put_Me_in_the_Trash.flac
2026-04-06T14:35:27 update: added Mick_Jagger-Wandering_Spirit/09.Think.flac
2026-04-06T14:35:27 update: added Mick_Jagger-Wandering_Spirit/10.Wandering_Spirit.flac
2026-04-06T14:35:28 update: added Mick_Jagger-Wandering_Spirit/03.Out_of_Focus.flac
2026-04-06T14:35:28 update: added Mick_Jagger-Wandering_Spirit/04.Don’t_Tear_Me_Up.flac
2026-04-06T14:35:28 update: added Unknown_Artist-Unknown_Album/11.Track_11.flac
2026-04-06T14:35:28 update: added Unknown_Artist-Unknown_Album/01.Track_1.flac
2026-04-06T14:35:28 update: added Unknown_Artist-Unknown_Album/10.Track_10.flac
2026-04-06T14:35:28 update: added Unknown_Artist-Unknown_Album/12.Track_12.flac
2026-04-06T14:35:28 update: added Unknown_Artist-Unknown_Album/05.Track_5.flac
2026-04-06T14:35:28 update: added Unknown_Artist-Unknown_Album/04.Track_4.flac
2026-04-06T14:35:28 update: added Unknown_Artist-Unknown_Album/08.Track_8.flac
2026-04-06T14:35:28 update: added Unknown_Artist-Unknown_Album/06.Track_6.flac
2026-04-06T14:35:28 update: added Unknown_Artist-Unknown_Album/07.Track_7.flac
2026-04-06T14:35:28 update: added Unknown_Artist-Unknown_Album/03.Track_3.flac
2026-04-06T14:35:28 update: added Unknown_Artist-Unknown_Album/02.Track_2.flac
2026-04-06T14:35:28 update: added Unknown_Artist-Unknown_Album/09.Track_9.flac
2026-04-06T14:35:29 update: added Frank_Zappa-Apostrophe'/05.Cosmik_Debris.flac
2026-04-06T14:35:29 update: added Frank_Zappa-Apostrophe'/08.Uncle_Remus.flac
2026-04-06T14:35:29 update: added Frank_Zappa-Apostrophe'/01.Don’t_Eat_the_Yellow_Snow.flac
2026-04-06T14:35:29 update: added Frank_Zappa-Apostrophe'/09.Stink‐Foot.flac
2026-04-06T14:35:29 update: added Frank_Zappa-Apostrophe'/06.Excentrifugal_Forz.flac
2026-04-06T14:35:29 update: added Frank_Zappa-Apostrophe'/04.Father_O’blivion.flac
2026-04-06T14:35:29 update: added Frank_Zappa-Apostrophe'/03.St._Alphonzo’s_Pancake_Breakfast.flac
2026-04-06T14:35:29 update: added Frank_Zappa-Apostrophe'/02.Nanook_Rubs_It.flac
2026-04-06T14:35:29 update: added Frank_Zappa-Apostrophe'/07.Apostrophe’.flac
2026-04-06T14:35:29 update: added Blues_Traveler-four/02.Stand.flac
2026-04-06T14:35:29 update: added Blues_Traveler-four/07.Crash_Burn.flac
2026-04-06T14:35:29 update: added Blues_Traveler-four/05.The_Mountains_Win_Again.flac
2026-04-06T14:35:29 update: added Blues_Traveler-four/04.Fallible.flac
2026-04-06T14:35:30 update: added Blues_Traveler-four/03.Look_Around.flac
2026-04-06T14:35:30 update: added Blues_Traveler-four/08.Price_to_Pay.flac
2026-04-06T14:35:30 update: added Blues_Traveler-four/11.Just_Wait.flac
2026-04-06T14:35:30 update: added Blues_Traveler-four/06.Freedom.flac
2026-04-06T14:35:30 update: added Blues_Traveler-four/10.The_Good,_the_Bad,_and_the_Ugly.flac
2026-04-06T14:35:30 update: added Blues_Traveler-four/12.Brother_John.flac
2026-04-06T14:35:30 update: added Blues_Traveler-four/09.Hook.flac
2026-04-06T14:35:30 update: added Blues_Traveler-four/01.Run-Around.flac
2026-04-06T14:35:30 update: added Various-EDM_Sets/Fred_Again-Boiler_Room_London.flac
2026-04-06T14:35:30 update: added Various-EDM_Sets/Chase_and_Status-Boiler_Room_London.flac
2026-04-06T14:35:30 update: added Eric_Clapton-Unplugged/05.Lonely_Stranger.flac
2026-04-06T14:35:30 update: added Eric_Clapton-Unplugged/08.Running_on_Faith.flac
2026-04-06T14:35:30 update: added Eric_Clapton-Unplugged/12.Malted_Milk.flac
2026-04-06T14:35:30 update: added Eric_Clapton-Unplugged/09.Walkin’_Blues.flac
2026-04-06T14:35:31 update: added Eric_Clapton-Unplugged/07.Layla.flac
2026-04-06T14:35:31 update: added Eric_Clapton-Unplugged/14.Rollin’_&_Tumblin’.flac
2026-04-06T14:35:31 update: added Eric_Clapton-Unplugged/03.Hey_Hey.flac
2026-04-06T14:35:31 update: added Eric_Clapton-Unplugged/04.Tears_in_Heaven.flac
2026-04-06T14:35:31 update: added Eric_Clapton-Unplugged/11.San_Francisco_Bay_Blues.flac
2026-04-06T14:35:31 update: added Eric_Clapton-Unplugged/10.Alberta.flac
2026-04-06T14:35:31 update: added Eric_Clapton-Unplugged/02.Before_You_Accuse_Me.flac
2026-04-06T14:35:31 update: added Eric_Clapton-Unplugged/01.Signe.flac
2026-04-06T14:35:31 update: added Eric_Clapton-Unplugged/06.Nobody_Knows_You_When_You’re_Down_&_Out.flac
2026-04-06T14:35:31 update: added Eric_Clapton-Unplugged/13.Old_Love.flac
2026-04-06T14:35:31 update: added Bob_Dylan-Bringing_It_All_Back_Home/05.Outlaw_Blues.flac
2026-04-06T14:35:31 update: added Bob_Dylan-Bringing_It_All_Back_Home/07.Bob_Dylans_115th_Dream.flac
2026-04-06T14:35:31 update: added Bob_Dylan-Bringing_It_All_Back_Home/11.Its_All_Over_Now,_Baby_Blue.flac
2026-04-06T14:35:31 update: added Bob_Dylan-Bringing_It_All_Back_Home/01.Subterranean_Homesick_Blues.flac
2026-04-06T14:35:31 update: added Bob_Dylan-Bringing_It_All_Back_Home/10.Its_Alright,_Ma_(Im_Only_Bleeding).flac
2026-04-06T14:35:31 update: added Bob_Dylan-Bringing_It_All_Back_Home/09.Gates_of_Eden.flac
2026-04-06T14:35:32 update: added Bob_Dylan-Bringing_It_All_Back_Home/04.Love_Minus_ZeroNo_Limit.flac
2026-04-06T14:35:32 update: added Bob_Dylan-Bringing_It_All_Back_Home/03.Maggies_Farm.flac
2026-04-06T14:35:32 update: added Bob_Dylan-Bringing_It_All_Back_Home/06.On_the_Road_Again.flac
2026-04-06T14:35:32 update: added Bob_Dylan-Bringing_It_All_Back_Home/02.She_Belongs_to_Me.flac
2026-04-06T14:35:32 update: added Bob_Dylan-Bringing_It_All_Back_Home/08.Mr._Tambourine_Man.flac
2026-04-06T14:35:32 update: added Eric_Johnson-Venus_Isle/11.Venus_Reprise.flac
2026-04-06T14:35:32 update: added Eric_Johnson-Venus_Isle/09.When_the_Sun_Meets_the_Sky.flac
2026-04-06T14:35:32 update: added Eric_Johnson-Venus_Isle/06.Manhattan.flac
2026-04-06T14:35:32 update: added Eric_Johnson-Venus_Isle/03.All_About_You.flac
2026-04-06T14:35:32 update: added Eric_Johnson-Venus_Isle/04.S.R.V..flac
2026-04-06T14:35:32 update: added Eric_Johnson-Venus_Isle/08.Song_for_Lynette.flac
2026-04-06T14:35:32 update: added Eric_Johnson-Venus_Isle/01.Venus_Isle.flac
2026-04-06T14:35:32 update: added Eric_Johnson-Venus_Isle/05.Lonely_in_the_Night.flac
2026-04-06T14:35:32 update: added Eric_Johnson-Venus_Isle/10.Pavilion.flac
2026-04-06T14:35:33 update: added Eric_Johnson-Venus_Isle/02.Battle_We_Have_Won.flac
2026-04-06T14:35:33 update: added Eric_Johnson-Venus_Isle/07.Camel’s_Night_Out.flac
2026-04-06T14:35:33 update: added Lerner_&_Loewe-My_Fair_Lady/10.On_the_Street_Where_You_Live.flac
2026-04-06T14:35:33 update: added Lerner_&_Loewe-My_Fair_Lady/01.Overture.flac
2026-04-06T14:35:33 update: added Lerner_&_Loewe-My_Fair_Lady/09.Ascot_Gavotte.flac
2026-04-06T14:35:33 update: added Lerner_&_Loewe-My_Fair_Lady/16.I’ve_Grown_Accustomed_to_Her_Face.flac
2026-04-06T14:35:33 update: added Lerner_&_Loewe-My_Fair_Lady/17.The_Embassy_Waltz.flac
2026-04-06T14:35:33 update: added Lerner_&_Loewe-My_Fair_Lady/13.Get_Me_to_the_Church_on_Time.flac
2026-04-06T14:35:33 update: added Lerner_&_Loewe-My_Fair_Lady/02.Why_Can’t_the_English.flac
2026-04-06T14:35:33 update: added Lerner_&_Loewe-My_Fair_Lady/11.You_Did_It.flac
2026-04-06T14:35:33 update: added Lerner_&_Loewe-My_Fair_Lady/05.I’m_an_Ordinary_Man.flac
2026-04-06T14:35:33 update: added Lerner_&_Loewe-My_Fair_Lady/03.Wouldn’t_It_Be_Loverly.flac
2026-04-06T14:35:33 update: added Lerner_&_Loewe-My_Fair_Lady/06.Just_You_Wait.flac
2026-04-06T14:35:33 update: added Lerner_&_Loewe-My_Fair_Lady/07.The_Rain_in_Spain.flac
2026-04-06T14:35:33 update: added Lerner_&_Loewe-My_Fair_Lady/04.With_a_Little_Bit_of_Luck.flac
2026-04-06T14:35:34 update: added Lerner_&_Loewe-My_Fair_Lady/12.Show_Me.flac
2026-04-06T14:35:34 update: added Lerner_&_Loewe-My_Fair_Lady/14.A_Hymn_to_Him.flac
2026-04-06T14:35:34 update: added Lerner_&_Loewe-My_Fair_Lady/15.Without_You.flac
2026-04-06T14:35:34 update: added Lerner_&_Loewe-My_Fair_Lady/08.I_Could_Have_Danced_All_Night.flac
2026-04-06T14:35:34 update: added John_Mayer-Room_for_Squares/14.St._Patrick’s_Day.flac
2026-04-06T14:35:34 update: added John_Mayer-Room_for_Squares/10.Back_to_You.flac
2026-04-06T14:35:34 update: added John_Mayer-Room_for_Squares/05.Neon.flac
2026-04-06T14:35:34 update: added John_Mayer-Room_for_Squares/03.My_Stupid_Mouth.flac
2026-04-06T14:35:34 update: added John_Mayer-Room_for_Squares/07.83.flac
2026-04-06T14:35:34 update: added John_Mayer-Room_for_Squares/11.Great_Indoors.flac
2026-04-06T14:35:34 update: added John_Mayer-Room_for_Squares/06.City_Love.flac
2026-04-06T14:35:34 update: added John_Mayer-Room_for_Squares/12.Not_Myself.flac
2026-04-06T14:35:34 update: added John_Mayer-Room_for_Squares/13.[silence].flac
2026-04-06T14:35:34 update: added John_Mayer-Room_for_Squares/02.Why_Georgia.flac
2026-04-06T14:35:34 update: added John_Mayer-Room_for_Squares/01.No_Such_Thing.flac
2026-04-06T14:35:34 update: added John_Mayer-Room_for_Squares/08.3×5.flac
2026-04-06T14:35:35 update: added John_Mayer-Room_for_Squares/04.Your_Body_Is_a_Wonderland.flac
2026-04-06T14:35:35 update: added John_Mayer-Room_for_Squares/09.Love_Song_for_No_One.flac
2026-04-06T14:35:35 update: added Frank_Zappa-Son_of_Cheep_Thrills/08.Night_School.flac
2026-04-06T14:35:35 update: added Frank_Zappa-Son_of_Cheep_Thrills/05.It_Just_Might_Be_a_One‐Shot_Deal.flac
2026-04-06T14:35:35 update: added Frank_Zappa-Son_of_Cheep_Thrills/11.What’s_New_in_Baltimore.flac
2026-04-06T14:35:35 update: added Frank_Zappa-Son_of_Cheep_Thrills/04.Ya_Hozna.flac
2026-04-06T14:35:35 update: added Frank_Zappa-Son_of_Cheep_Thrills/03.The_Legend_of_the_Golden_Arches.flac
2026-04-06T14:35:35 update: added Frank_Zappa-Son_of_Cheep_Thrills/07.Disco_Boy_(live_Soundtrack_version).flac
2026-04-06T14:35:35 update: added Frank_Zappa-Son_of_Cheep_Thrills/06.Love_of_My_Life_(live_version).flac
2026-04-06T14:35:35 update: added Frank_Zappa-Son_of_Cheep_Thrills/02.Twenty_Small_Cigars.flac
2026-04-06T14:35:35 update: added Frank_Zappa-Son_of_Cheep_Thrills/10.The_Idiot_Bastard_Son_(live_version).flac
2026-04-06T14:35:35 update: added Frank_Zappa-Son_of_Cheep_Thrills/01.WPLJ.flac
2026-04-06T14:35:35 update: added Frank_Zappa-Son_of_Cheep_Thrills/09.Sinister_Footwear_2nd_Mvt._(live_version).flac
2026-04-06T14:35:36 update: added Colbie_Caillat-Breakthrough/06.Droplets.flac
2026-04-06T14:35:36 update: added Colbie_Caillat-Breakthrough/10.Break_Through.flac
2026-04-06T14:35:36 update: added Colbie_Caillat-Breakthrough/12.Breakin’_at_the_Cracks.flac
2026-04-06T14:35:36 update: added Colbie_Caillat-Breakthrough/09.Runnin’_Around.flac
2026-04-06T14:35:36 update: added Colbie_Caillat-Breakthrough/03.You_Got_Me.flac
2026-04-06T14:35:36 update: added Colbie_Caillat-Breakthrough/08.Fearless.flac
2026-04-06T14:35:36 update: added Colbie_Caillat-Breakthrough/02.Begin_Again.flac
2026-04-06T14:35:36 update: added Colbie_Caillat-Breakthrough/01.I_Won’t.flac
2026-04-06T14:35:36 update: added Colbie_Caillat-Breakthrough/07.I_Never_Told_You.flac
2026-04-06T14:35:36 update: added Colbie_Caillat-Breakthrough/11.It_Stops_Today.flac
2026-04-06T14:35:36 update: added Colbie_Caillat-Breakthrough/04.Fallin’_for_You.flac
2026-04-06T14:35:36 update: added Colbie_Caillat-Breakthrough/05.Rainbow.flac
2026-04-06T14:35:36 update: added Frank_Zappa-Zoot_Allures/8.Zoot_Allures.flac
2026-04-06T14:35:36 update: added Frank_Zappa-Zoot_Allures/1.Wind_Up_Workin’_in_a_Gas_Station.flac
2026-04-06T14:35:36 update: added Frank_Zappa-Zoot_Allures/3.The_Torture_Never_Stops.flac
2026-04-06T14:35:37 update: added Frank_Zappa-Zoot_Allures/6.Friendly_Little_Finger.flac
2026-04-06T14:35:37 update: added Frank_Zappa-Zoot_Allures/9.Disco_Boy.flac
2026-04-06T14:35:37 update: added Frank_Zappa-Zoot_Allures/5.Find_Her_Finer.flac
2026-04-06T14:35:37 update: added Frank_Zappa-Zoot_Allures/2.Black_Napkins.flac
2026-04-06T14:35:37 update: added Frank_Zappa-Zoot_Allures/4.Ms._Pinky.flac
2026-04-06T14:35:37 update: added Frank_Zappa-Zoot_Allures/7.Wonderful_Wino.flac
2026-04-06T14:35:37 update: added The_Mothers_of_Invention-Just_Another_Band_From_L.A./3.Eddie,_Are_You_Kidding.flac
2026-04-06T14:35:37 update: added The_Mothers_of_Invention-Just_Another_Band_From_L.A./4.Magdalena.flac
2026-04-06T14:35:37 update: added The_Mothers_of_Invention-Just_Another_Band_From_L.A./5.Dog_Breath.flac
2026-04-06T14:35:37 update: added The_Mothers_of_Invention-Just_Another_Band_From_L.A./1.Billy_the_Mountain.flac
2026-04-06T14:35:37 update: added The_Mothers_of_Invention-Just_Another_Band_From_L.A./2.Call_Any_Vegetable.flac
2026-04-06T14:35:37 update: added Frank_Zappa-The_Best_Band_You_Never_Heard_in_Your_Life/201.Purple_Haze.flac
2026-04-06T14:35:37 update: added Frank_Zappa-The_Best_Band_You_Never_Heard_in_Your_Life/108.Bolero.flac
2026-04-06T14:35:37 update: added Frank_Zappa-The_Best_Band_You_Never_Heard_in_Your_Life/211.More_Trouble_Every_Day_(Swaggart_version).flac
2026-04-06T14:35:38 update: added Frank_Zappa-The_Best_Band_You_Never_Heard_in_Your_Life/111.Florentine_Pogen.flac
2026-04-06T14:35:38 update: added Frank_Zappa-The_Best_Band_You_Never_Heard_in_Your_Life/104.Find_Her_Finer.flac
2026-04-06T14:35:38 update: added Frank_Zappa-The_Best_Band_You_Never_Heard_in_Your_Life/203.Lets_Move_to_Cleveland.flac
2026-04-06T14:35:38 update: added Frank_Zappa-The_Best_Band_You_Never_Heard_in_Your_Life/212.Penguin_in_Bondage_(Swaggart_version).flac
2026-04-06T14:35:38 update: added Frank_Zappa-The_Best_Band_You_Never_Heard_in_Your_Life/109.Zoot_Allures.flac
2026-04-06T14:35:38 update: added Frank_Zappa-The_Best_Band_You_Never_Heard_in_Your_Life/114.Sofa_#1.flac
2026-04-06T14:35:38 update: added Frank_Zappa-The_Best_Band_You_Never_Heard_in_Your_Life/107.Zomby_Woof.flac
2026-04-06T14:35:38 update: added Frank_Zappa-The_Best_Band_You_Never_Heard_in_Your_Life/209.Lonesome_Cowboy_Burt_(Swaggart_version).flac
2026-04-06T14:35:38 update: added Frank_Zappa-The_Best_Band_You_Never_Heard_in_Your_Life/210.The_Torture_Never_Stops,_Part_Two.flac
2026-04-06T14:35:38 update: added Frank_Zappa-The_Best_Band_You_Never_Heard_in_Your_Life/112.Andy.flac
2026-04-06T14:35:38 update: added Frank_Zappa-The_Best_Band_You_Never_Heard_in_Your_Life/213.The_Eric_Dolphy_Memorial_Barbecue.flac
2026-04-06T14:35:38 update: added Frank_Zappa-The_Best_Band_You_Never_Heard_in_Your_Life/101.Heavy_Duty_Judy.flac
2026-04-06T14:35:38 update: added Frank_Zappa-The_Best_Band_You_Never_Heard_in_Your_Life/208.Theme_From_Bonanza.flac
2026-04-06T14:35:38 update: added Frank_Zappa-The_Best_Band_You_Never_Heard_in_Your_Life/205.Godfather_Part_II_Theme.flac
2026-04-06T14:35:38 update: added Frank_Zappa-The_Best_Band_You_Never_Heard_in_Your_Life/105.Who_Needs_the_Peace_Corps.flac
2026-04-06T14:35:38 update: added Frank_Zappa-The_Best_Band_You_Never_Heard_in_Your_Life/206.A_Few_Moments_With_Brother_A._West.flac
2026-04-06T14:35:39 update: added Frank_Zappa-The_Best_Band_You_Never_Heard_in_Your_Life/102.Ring_of_Fire.flac
2026-04-06T14:35:39 update: added Frank_Zappa-The_Best_Band_You_Never_Heard_in_Your_Life/110.Mr._Green_Genes.flac
2026-04-06T14:35:39 update: added Frank_Zappa-The_Best_Band_You_Never_Heard_in_Your_Life/113.Inca_Roads.flac
2026-04-06T14:35:39 update: added Frank_Zappa-The_Best_Band_You_Never_Heard_in_Your_Life/202.Sunshine_of_Your_Love.flac
2026-04-06T14:35:39 update: added Frank_Zappa-The_Best_Band_You_Never_Heard_in_Your_Life/207.The_Torture_Never_Stops,_Part_One.flac
2026-04-06T14:35:39 update: added Frank_Zappa-The_Best_Band_You_Never_Heard_in_Your_Life/214.Stairway_to_Heaven.flac
2026-04-06T14:35:39 update: added Frank_Zappa-The_Best_Band_You_Never_Heard_in_Your_Life/103.Cosmik_Debris.flac
2026-04-06T14:35:39 update: added Frank_Zappa-The_Best_Band_You_Never_Heard_in_Your_Life/106.I_Left_My_Heart_in_San_Francisco.flac
2026-04-06T14:35:39 update: added Frank_Zappa-The_Best_Band_You_Never_Heard_in_Your_Life/204.When_Irish_Eyes_Are_Smiling.flac
2026-04-06T14:35:39 update: added John_Legend_&_The_Roots-Wake_Up!/08.Humanity_(Love_the_Way_It_Should_Be).flac
2026-04-06T14:35:39 update: added John_Legend_&_The_Roots-Wake_Up!/05.Little_Ghetto_Boy_(Prelude).flac
2026-04-06T14:35:39 update: added John_Legend_&_The_Roots-Wake_Up!/01.Hard_Times.flac
2026-04-06T14:35:39 update: added John_Legend_&_The_Roots-Wake_Up!/04.Our_Generation_(The_Hope_of_the_World).flac
2026-04-06T14:35:39 update: added John_Legend_&_The_Roots-Wake_Up!/03.Wake_Up_Everybody.flac
2026-04-06T14:35:39 update: added John_Legend_&_The_Roots-Wake_Up!/10.I_Cant_Write_Left_Handed.flac
2026-04-06T14:35:39 update: added John_Legend_&_The_Roots-Wake_Up!/02.Compared_to_What.flac
2026-04-06T14:35:40 update: added John_Legend_&_The_Roots-Wake_Up!/07.Hang_On_in_There.flac
2026-04-06T14:35:40 update: added John_Legend_&_The_Roots-Wake_Up!/12.Shine.flac
2026-04-06T14:35:40 update: added John_Legend_&_The_Roots-Wake_Up!/09.Wholy_Holy.flac
2026-04-06T14:35:40 update: added John_Legend_&_The_Roots-Wake_Up!/06.Little_Ghetto_Boy.flac
2026-04-06T14:35:40 update: added John_Legend_&_The_Roots-Wake_Up!/11.I_Wish_I_Knew_How_It_Would_Feel_to_Be_Free.flac
2026-04-06T14:35:40 update: added Adele-25/07.River_Lea.flac
2026-04-06T14:35:40 update: added Adele-25/08.Love_in_the_Dark.flac
2026-04-06T14:35:40 update: added Adele-25/06.Water_Under_the_Bridge.flac
2026-04-06T14:35:40 update: added Adele-25/05.Remedy.flac
2026-04-06T14:35:40 update: added Adele-25/04.When_We_Were_Young.flac
2026-04-06T14:35:40 update: added Adele-25/09.Million_Years_Ago.flac
2026-04-06T14:35:40 update: added Adele-25/11.Sweetest_Devotion.flac
2026-04-06T14:35:40 update: added Adele-25/03.I_Miss_You.flac
2026-04-06T14:35:40 update: added Adele-25/01.Hello.flac
2026-04-06T14:35:40 update: added Adele-25/02.Send_My_Love_(to_Your_New_Lover).flac
2026-04-06T14:35:41 update: added Adele-25/10.All_I_Ask.flac
2026-04-06T14:35:41 update: added Tyler_Bates-Guardians_of_the_Galaxy_Deluxe/06.Ronan’s_Theme.flac
2026-04-06T14:35:41 update: added Tyler_Bates-Guardians_of_the_Galaxy_Deluxe/22.The_Ballad_of_the_Nova_Corps._(instrumental).flac
2026-04-06T14:35:41 update: added Tyler_Bates-Guardians_of_the_Galaxy_Deluxe/16.The_Road_to_Knowhere.flac
2026-04-06T14:35:41 update: added Tyler_Bates-Guardians_of_the_Galaxy_Deluxe/26.Groot_Cocoon.flac
2026-04-06T14:35:41 update: added Tyler_Bates-Guardians_of_the_Galaxy_Deluxe/03.Plasma_Ball.flac
2026-04-06T14:35:41 update: added Tyler_Bates-Guardians_of_the_Galaxy_Deluxe/08.What_a_Bunch_of_A‐Holes.flac
2026-04-06T14:35:41 update: added Tyler_Bates-Guardians_of_the_Galaxy_Deluxe/15.The_Great_Companion.flac
2026-04-06T14:35:41 update: added Tyler_Bates-Guardians_of_the_Galaxy_Deluxe/14.Don’t_Mess_With_My_Walkman.flac
2026-04-06T14:35:41 update: added Tyler_Bates-Guardians_of_the_Galaxy_Deluxe/27.Black_Tears.flac
2026-04-06T14:35:41 update: added Tyler_Bates-Guardians_of_the_Galaxy_Deluxe/28.Citizens_Unite.flac
2026-04-06T14:35:41 update: added Tyler_Bates-Guardians_of_the_Galaxy_Deluxe/04.Quill’s_Big_Retreat.flac
2026-04-06T14:35:41 update: added Tyler_Bates-Guardians_of_the_Galaxy_Deluxe/09.Busted.flac
2026-04-06T14:35:41 update: added Tyler_Bates-Guardians_of_the_Galaxy_Deluxe/01.Morag.flac
2026-04-06T14:35:41 update: added Tyler_Bates-Guardians_of_the_Galaxy_Deluxe/10.The_New_Meat.flac
2026-04-06T14:35:42 update: added Tyler_Bates-Guardians_of_the_Galaxy_Deluxe/13.The_Kyln_Escape.flac
2026-04-06T14:35:42 update: added Tyler_Bates-Guardians_of_the_Galaxy_Deluxe/24.Guardians_United.flac
2026-04-06T14:35:42 update: added Tyler_Bates-Guardians_of_the_Galaxy_Deluxe/25.The_Big_Blast.flac
2026-04-06T14:35:42 update: added Tyler_Bates-Guardians_of_the_Galaxy_Deluxe/18.Ronan’s_Arrival.flac
2026-04-06T14:35:42 update: added Tyler_Bates-Guardians_of_the_Galaxy_Deluxe/20.Sacrifice.flac
2026-04-06T14:35:42 update: added Tyler_Bates-Guardians_of_the_Galaxy_Deluxe/11.The_Destroyer.flac
2026-04-06T14:35:42 update: added Tyler_Bates-Guardians_of_the_Galaxy_Deluxe/23.Groot_Spores.flac
2026-04-06T14:35:42 update: added Tyler_Bates-Guardians_of_the_Galaxy_Deluxe/02.The_Final_Battle_Begins.flac
2026-04-06T14:35:42 update: added Tyler_Bates-Guardians_of_the_Galaxy_Deluxe/07.Everyone’s_an_Idiot.flac
2026-04-06T14:35:42 update: added Tyler_Bates-Guardians_of_the_Galaxy_Deluxe/05.To_the_Stars.flac
2026-04-06T14:35:42 update: added Tyler_Bates-Guardians_of_the_Galaxy_Deluxe/29.A_Nova_Upgrade.flac
2026-04-06T14:35:42 update: added Tyler_Bates-Guardians_of_the_Galaxy_Deluxe/17.The_Collector.flac
2026-04-06T14:35:42 update: added Tyler_Bates-Guardians_of_the_Galaxy_Deluxe/21.We_All_Got_Dead_People.flac
2026-04-06T14:35:42 update: added Tyler_Bates-Guardians_of_the_Galaxy_Deluxe/12.Sanctuary.flac
2026-04-06T14:35:42 update: added Tyler_Bates-Guardians_of_the_Galaxy_Deluxe/19.The_Pod_Chase.flac
2026-04-06T14:35:43 update: added Frank_Zappa-Joe’s_Garage_Acts_I,_II_&_III/203.Outside_Now.flac
2026-04-06T14:35:43 update: added Frank_Zappa-Joe’s_Garage_Acts_I,_II_&_III/104.Crew_Slut.flac
2026-04-06T14:35:43 update: added Frank_Zappa-Joe’s_Garage_Acts_I,_II_&_III/201.Dong_Work_for_Yuda.flac
2026-04-06T14:35:43 update: added Frank_Zappa-Joe’s_Garage_Acts_I,_II_&_III/207.A_Little_Green_Rosetta.flac
2026-04-06T14:35:43 update: added Frank_Zappa-Joe’s_Garage_Acts_I,_II_&_III/206.Watermelon_in_Easter_Hay.flac
2026-04-06T14:35:43 update: added Frank_Zappa-Joe’s_Garage_Acts_I,_II_&_III/105.Fembot_in_a_Wet_T‐Shirt.flac
2026-04-06T14:35:43 update: added Frank_Zappa-Joe’s_Garage_Acts_I,_II_&_III/109.Scrutinizer_Postlude.flac
2026-04-06T14:35:43 update: added Frank_Zappa-Joe’s_Garage_Acts_I,_II_&_III/103.Catholic_Girls.flac
2026-04-06T14:35:43 update: added Frank_Zappa-Joe’s_Garage_Acts_I,_II_&_III/102.Joe’s_Garage.flac
2026-04-06T14:35:43 update: added Frank_Zappa-Joe’s_Garage_Acts_I,_II_&_III/110.A_Token_of_My_Extreme.flac
2026-04-06T14:35:43 update: added Frank_Zappa-Joe’s_Garage_Acts_I,_II_&_III/108.Lucille_Has_Messed_My_Mind_Up.flac
2026-04-06T14:35:43 update: added Frank_Zappa-Joe’s_Garage_Acts_I,_II_&_III/111.Stick_It_Out.flac
2026-04-06T14:35:43 update: added Frank_Zappa-Joe’s_Garage_Acts_I,_II_&_III/205.Packard_Goose.flac
2026-04-06T14:35:43 update: added Frank_Zappa-Joe’s_Garage_Acts_I,_II_&_III/107.Why_Does_It_Hurt_When_I_Pee.flac
2026-04-06T14:35:43 update: added Frank_Zappa-Joe’s_Garage_Acts_I,_II_&_III/112.Sy_Borg.flac
2026-04-06T14:35:43 update: added Frank_Zappa-Joe’s_Garage_Acts_I,_II_&_III/204.He_Used_to_Cut_the_Grass.flac
2026-04-06T14:35:44 update: added Frank_Zappa-Joe’s_Garage_Acts_I,_II_&_III/202.Keep_It_Greasey.flac
2026-04-06T14:35:44 update: added Frank_Zappa-Joe’s_Garage_Acts_I,_II_&_III/101.The_Central_Scrutinizer.flac
2026-04-06T14:35:44 update: added Frank_Zappa-Joe’s_Garage_Acts_I,_II_&_III/106.On_the_Bus.flac
2026-04-06T14:35:44 update: added Tommy_Dorsey-Greatest_Hits/05.Little_White_Lies.flac
2026-04-06T14:35:44 update: added Tommy_Dorsey-Greatest_Hits/09.You.flac
2026-04-06T14:35:44 update: added Tommy_Dorsey-Greatest_Hits/12.Our_Love.flac
2026-04-06T14:35:44 update: added Tommy_Dorsey-Greatest_Hits/07.Im_Getting_Sentimental_Over_You.flac
2026-04-06T14:35:44 update: added Tommy_Dorsey-Greatest_Hits/08.Indian_Summer.flac
2026-04-06T14:35:44 update: added Tommy_Dorsey-Greatest_Hits/11.All_the_Things_You_Are.flac
2026-04-06T14:35:44 update: added Tommy_Dorsey-Greatest_Hits/04.Marie.flac
2026-04-06T14:35:44 update: added Tommy_Dorsey-Greatest_Hits/15.Im_in_the_Mood_for_Love.flac
2026-04-06T14:35:44 update: added Tommy_Dorsey-Greatest_Hits/01.Opus_One.flac
2026-04-06T14:35:44 update: added Tommy_Dorsey-Greatest_Hits/03.Once_in_a_While.flac
2026-04-06T14:35:44 update: added Tommy_Dorsey-Greatest_Hits/02.Song_of_India.flac
2026-04-06T14:35:44 update: added Tommy_Dorsey-Greatest_Hits/17.Birmingham_Bounce.flac
2026-04-06T14:35:45 update: added Tommy_Dorsey-Greatest_Hits/10.The_Music_Goes_Round_and_Round.flac
2026-04-06T14:35:45 update: added Tommy_Dorsey-Greatest_Hits/13.In_the_Blue_of_Evening.flac
2026-04-06T14:35:45 update: added Tommy_Dorsey-Greatest_Hits/06.Stardust.flac
2026-04-06T14:35:45 update: added Tommy_Dorsey-Greatest_Hits/14.The_Song_Is_You.flac
2026-04-06T14:35:45 update: added Tommy_Dorsey-Greatest_Hits/16.Summertime.flac
2026-04-06T14:35:45 update: added Bob_Dylan-The_Freewheelin’_Bob_Dylan/02.Girl_From_the_North_Country.flac
2026-04-06T14:35:45 update: added Bob_Dylan-The_Freewheelin’_Bob_Dylan/08.Bob_Dylan’s_Dream.flac
2026-04-06T14:35:45 update: added Bob_Dylan-The_Freewheelin’_Bob_Dylan/05.Bob_Dylan’s_Blues.flac
2026-04-06T14:35:45 update: added Bob_Dylan-The_Freewheelin’_Bob_Dylan/09.Oxford_Town.flac
2026-04-06T14:35:45 update: added Bob_Dylan-The_Freewheelin’_Bob_Dylan/01.Blowin’_in_the_Wind.flac
2026-04-06T14:35:45 update: added Bob_Dylan-The_Freewheelin’_Bob_Dylan/10.Talkin’_World_War_III_Blues.flac
2026-04-06T14:35:45 update: added Bob_Dylan-The_Freewheelin’_Bob_Dylan/13.I_Shall_Be_Free.flac
2026-04-06T14:35:45 update: added Bob_Dylan-The_Freewheelin’_Bob_Dylan/06.A_Hard_Rain’s_A‐Gonna_Fall.flac
2026-04-06T14:35:46 update: added Bob_Dylan-The_Freewheelin’_Bob_Dylan/03.Masters_of_War.flac
2026-04-06T14:35:46 update: added Bob_Dylan-The_Freewheelin’_Bob_Dylan/11.Corrina,_Corrina.flac
2026-04-06T14:35:46 update: added Bob_Dylan-The_Freewheelin’_Bob_Dylan/04.Down_the_Highway.flac
2026-04-06T14:35:46 update: added Bob_Dylan-The_Freewheelin’_Bob_Dylan/07.Don’t_Think_Twice,_It’s_All_Right.flac
2026-04-06T14:35:46 update: added Bob_Dylan-The_Freewheelin’_Bob_Dylan/12.Honey,_Just_Allow_Me_One_More_Chance.flac
2026-04-06T14:35:46 update: added Van_Morrison-Moondance/02.Moondance.flac
2026-04-06T14:35:46 update: added Van_Morrison-Moondance/06.Come_Running.flac
2026-04-06T14:35:46 update: added Van_Morrison-Moondance/09.Everyone.flac
2026-04-06T14:35:46 update: added Van_Morrison-Moondance/01.And_It_Stoned_Me.flac
2026-04-06T14:35:46 update: added Van_Morrison-Moondance/07.These_Dreams_of_You.flac
2026-04-06T14:35:46 update: added Van_Morrison-Moondance/10.Glad_Tidings.flac
2026-04-06T14:35:46 update: added Van_Morrison-Moondance/05.Into_the_Mystic.flac
2026-04-06T14:35:46 update: added Van_Morrison-Moondance/3_Mustaphas_3-Soup_of_the_Century/02.Zohar_No._2.flac
2026-04-06T14:35:47 update: added Van_Morrison-Moondance/3_Mustaphas_3-Soup_of_the_Century/06.Sadilo_Mome__Tropnalo_Oro.flac
2026-04-06T14:35:47 update: added Van_Morrison-Moondance/3_Mustaphas_3-Soup_of_the_Century/10.Madre.flac
2026-04-06T14:35:47 update: added Van_Morrison-Moondance/3_Mustaphas_3-Soup_of_the_Century/09.Lipovačko_Kolo.flac
2026-04-06T14:35:47 update: added Van_Morrison-Moondance/3_Mustaphas_3-Soup_of_the_Century/04.Golden_Clarinet.flac
2026-04-06T14:35:47 update: added Van_Morrison-Moondance/3_Mustaphas_3-Soup_of_the_Century/07.This_City_Is_Very_Exciting!.flac
2026-04-06T14:35:47 update: added Van_Morrison-Moondance/3_Mustaphas_3-Soup_of_the_Century/11.Ya_Habibi,_Ya_Ghaybine.flac
2026-04-06T14:35:47 update: added Van_Morrison-Moondance/3_Mustaphas_3-Soup_of_the_Century/08.Yogurt_Koydum_Dolaba__Televizyon.flac
2026-04-06T14:35:47 update: added Van_Morrison-Moondance/3_Mustaphas_3-Soup_of_the_Century/12.Mamo,_Snezhets_Navalyalo.flac
2026-04-06T14:35:47 update: added Van_Morrison-Moondance/3_Mustaphas_3-Soup_of_the_Century/01.Bukë_E_Kripë_Në_Vatër_Tonë__Kalaxhojnë.flac
2026-04-06T14:35:47 update: added Van_Morrison-Moondance/3_Mustaphas_3-Soup_of_the_Century/05.Ti_Citron.flac
2026-04-06T14:35:47 update: added Van_Morrison-Moondance/3_Mustaphas_3-Soup_of_the_Century/13.[unknown].flac
2026-04-06T14:35:47 update: added Van_Morrison-Moondance/3_Mustaphas_3-Soup_of_the_Century/03.Soba_Song.flac
2026-04-06T14:35:48 update: added Van_Morrison-Moondance/08.Brand_New_Day.flac
2026-04-06T14:35:48 update: added Van_Morrison-Moondance/04.Caravan.flac
2026-04-06T14:35:48 update: added Van_Morrison-Moondance/03.Crazy_Love.flac
2026-04-06T14:35:48 update: added Frank_Zappa-The_Lost_Episodes/17.Handsome_Cabin_Boy.flac
2026-04-06T14:35:48 update: added Frank_Zappa-The_Lost_Episodes/05.Ronnie’s_Booger_Story.flac
2026-04-06T14:35:48 update: added Frank_Zappa-The_Lost_Episodes/11.Run_Home_Cues,_#2.flac
2026-04-06T14:35:48 update: added Frank_Zappa-The_Lost_Episodes/13.Run_Home_Cues,_#3.flac
2026-04-06T14:35:48 update: added Frank_Zappa-The_Lost_Episodes/23.Wonderful_Wino.flac
2026-04-06T14:35:48 update: added Frank_Zappa-The_Lost_Episodes/28.Lil’_Clanton_Shuffle.flac
2026-04-06T14:35:48 update: added Frank_Zappa-The_Lost_Episodes/25.RDNZL.flac
2026-04-06T14:35:48 update: added Frank_Zappa-The_Lost_Episodes/21.Alley_Cat.flac
2026-04-06T14:35:48 update: added Frank_Zappa-The_Lost_Episodes/30.Sharleena.flac
2026-04-06T14:35:48 update: added Frank_Zappa-The_Lost_Episodes/20.I’m_a_Band_Leader.flac
2026-04-06T14:35:48 update: added Frank_Zappa-The_Lost_Episodes/06.Mount_St._Mary’s_Concert_Excerpt.flac
2026-04-06T14:35:48 update: added Frank_Zappa-The_Lost_Episodes/08.Tiger_Roach.flac
2026-04-06T14:35:48 update: added Frank_Zappa-The_Lost_Episodes/27.Inca_Roads.flac
2026-04-06T14:35:49 update: added Frank_Zappa-The_Lost_Episodes/29.I_Don’t_Wanna_Get_Drafted.flac
2026-04-06T14:35:49 update: added Frank_Zappa-The_Lost_Episodes/26.Basement_Music_#1.flac
2026-04-06T14:35:49 update: added Frank_Zappa-The_Lost_Episodes/24.Kung_Fu.flac
2026-04-06T14:35:49 update: added Frank_Zappa-The_Lost_Episodes/18.Cops_&_Buns.flac
2026-04-06T14:35:49 update: added Frank_Zappa-The_Lost_Episodes/15.The_Dick_Kunc_Story.flac
2026-04-06T14:35:49 update: added Frank_Zappa-The_Lost_Episodes/19.The_Big_Squeeze.flac
2026-04-06T14:35:49 update: added Frank_Zappa-The_Lost_Episodes/10.Fountain_of_Love.flac
2026-04-06T14:35:49 update: added Frank_Zappa-The_Lost_Episodes/02.Lost_in_a_Whirlpool.flac
2026-04-06T14:35:49 update: added Frank_Zappa-The_Lost_Episodes/14.Charva.flac
2026-04-06T14:35:49 update: added Frank_Zappa-The_Lost_Episodes/07.Take_Your_Clothes_Off_When_You_Dance.flac
2026-04-06T14:35:49 update: added Frank_Zappa-The_Lost_Episodes/04.Kenny’s_Booger_Story.flac
2026-04-06T14:35:49 update: added Frank_Zappa-The_Lost_Episodes/01.The_Blackouts.flac
2026-04-06T14:35:49 update: added Frank_Zappa-The_Lost_Episodes/22.The_Grand_Wazoo.flac
2026-04-06T14:35:49 update: added Frank_Zappa-The_Lost_Episodes/09.Run_Home_Slow_Theme.flac
2026-04-06T14:35:49 update: added Frank_Zappa-The_Lost_Episodes/03.Ronnie_Sings.flac
2026-04-06T14:35:50 update: added Frank_Zappa-The_Lost_Episodes/16.Wedding_Dress_Song.flac
2026-04-06T14:35:50 update: added Frank_Zappa-The_Lost_Episodes/12.Any_Way_the_Wind_Blows.flac
2026-04-06T14:35:50 update: added Frank_Zappa-Hot_Rats/3.Son_of_Mr._Green_Genes.flac
2026-04-06T14:35:50 update: added Frank_Zappa-Hot_Rats/6.It_Must_Be_a_Camel.flac
2026-04-06T14:35:50 update: added Frank_Zappa-Hot_Rats/1.Peaches_en_Regalia.flac
2026-04-06T14:35:50 update: added Frank_Zappa-Hot_Rats/4.Little_Umbrellas.flac
2026-04-06T14:35:50 update: added Frank_Zappa-Hot_Rats/2.Willie_the_Pimp.flac
2026-04-06T14:35:50 update: added Frank_Zappa-Hot_Rats/5.The_Gumbo_Variations.flac
2026-04-06T14:35:50 update: added Jack_Johnson-In_Between_Dreams/06.Sitting,_Waiting,_Wishing.flac
2026-04-06T14:35:50 update: added Jack_Johnson-In_Between_Dreams/04.Good_People.flac
2026-04-06T14:35:50 update: added Jack_Johnson-In_Between_Dreams/11.Breakdown.flac
2026-04-06T14:35:50 update: added Jack_Johnson-In_Between_Dreams/10.If_I_Could.flac
2026-04-06T14:35:51 update: added Jack_Johnson-In_Between_Dreams/09.Crying_Shame.flac
2026-04-06T14:35:51 update: added Jack_Johnson-In_Between_Dreams/05.No_Other_Way.flac
2026-04-06T14:35:51 update: added Jack_Johnson-In_Between_Dreams/14.Constellations.flac
2026-04-06T14:35:51 update: added Jack_Johnson-In_Between_Dreams/12.Belle.flac
2026-04-06T14:35:51 update: added Jack_Johnson-In_Between_Dreams/07.Staple_It_Together.flac
2026-04-06T14:35:51 update: added Jack_Johnson-In_Between_Dreams/03.Banana_Pancakes.flac
2026-04-06T14:35:51 update: added Jack_Johnson-In_Between_Dreams/08.Situations.flac
2026-04-06T14:35:51 update: added Jack_Johnson-In_Between_Dreams/13.Do_You_Remember.flac
2026-04-06T14:35:51 update: added Jack_Johnson-In_Between_Dreams/02.Never_Know.flac
2026-04-06T14:35:51 update: added Jack_Johnson-In_Between_Dreams/01.Better_Together.flac
2026-04-06T14:35:51 update: added Frank_Zappa-Cheap_Thrills/10.The_Torture_Never_Stops_(original_version).flac
2026-04-06T14:35:51 update: added Frank_Zappa-Cheap_Thrills/09.Zomby_Woof_(live_version).flac
2026-04-06T14:35:51 update: added Frank_Zappa-Cheap_Thrills/04.You_Are_What_You_Is.flac
2026-04-06T14:35:51 update: added Frank_Zappa-Cheap_Thrills/12.My_Guitar_Wants_to_Kill_Your_Mama_(live_version).flac
2026-04-06T14:35:52 update: added Frank_Zappa-Cheap_Thrills/11.Joe’s_Garage_(live_version).flac
2026-04-06T14:35:52 update: added Frank_Zappa-Cheap_Thrills/08.Hot_Plate_Heaven_at_the_Green_Hotel.flac
2026-04-06T14:35:52 update: added Frank_Zappa-Cheap_Thrills/13.Going_for_the_Money.flac
2026-04-06T14:35:52 update: added Frank_Zappa-Cheap_Thrills/07.The_Mudshark_Interview.flac
2026-04-06T14:35:52 update: added Frank_Zappa-Cheap_Thrills/05.We_Are_Not_Alone.flac
2026-04-06T14:35:52 update: added Frank_Zappa-Cheap_Thrills/01.I_Could_Be_a_Star_Now.flac
2026-04-06T14:35:52 update: added Frank_Zappa-Cheap_Thrills/06.Cheap_Thrills.flac
2026-04-06T14:35:52 update: added Frank_Zappa-Cheap_Thrills/03.Bobby_Brown_Goes_Down_(live_version).flac
2026-04-06T14:35:52 update: added Frank_Zappa-Cheap_Thrills/02.Catholic_Girls_(live_version).flac
2026-04-06T14:35:52 update: added Frank_Zappa-We’re_Only_in_It_for_the_Money/04.Mom_&_Dad.flac
2026-04-06T14:35:52 update: added Frank_Zappa-We’re_Only_in_It_for_the_Money/08.What’s_the_Ugliest_Part_of_Your_Body.flac
2026-04-06T14:35:52 update: added Frank_Zappa-We’re_Only_in_It_for_the_Money/19.The_Chrome_Plated_Megaphone_of_Destiny.flac
2026-04-06T14:35:52 update: added Frank_Zappa-We’re_Only_in_It_for_the_Money/06.Bow_Tie_Daddy.flac
2026-04-06T14:35:52 update: added Frank_Zappa-We’re_Only_in_It_for_the_Money/10.Flower_Punk.flac
2026-04-06T14:35:52 update: added Frank_Zappa-We’re_Only_in_It_for_the_Money/13.Let’s_Make_the_Water_Turn_Black.flac
2026-04-06T14:35:53 update: added Frank_Zappa-We’re_Only_in_It_for_the_Money/02.Who_Needs_the_Peace_Corps.flac
2026-04-06T14:35:53 update: added Frank_Zappa-We’re_Only_in_It_for_the_Money/01.Are_You_Hung_Up.flac
2026-04-06T14:35:53 update: added Frank_Zappa-We’re_Only_in_It_for_the_Money/15.Lonely_Little_Girl.flac
2026-04-06T14:35:53 update: added Frank_Zappa-We’re_Only_in_It_for_the_Money/18.Mother_People.flac
2026-04-06T14:35:53 update: added Frank_Zappa-We’re_Only_in_It_for_the_Money/11.Hot_Poop.flac
2026-04-06T14:35:53 update: added Frank_Zappa-We’re_Only_in_It_for_the_Money/05.Telephone_Conversation.flac
2026-04-06T14:35:53 update: added Frank_Zappa-We’re_Only_in_It_for_the_Money/21.Lumpy_Gravy_II.flac
2026-04-06T14:35:53 update: added Frank_Zappa-We’re_Only_in_It_for_the_Money/14.The_Idiot_Bastard_Son.flac
2026-04-06T14:35:53 update: added Frank_Zappa-We’re_Only_in_It_for_the_Money/17.What’s_the_Ugliest_Part_of_Your_Body_(reprise).flac
2026-04-06T14:35:53 update: added Frank_Zappa-We’re_Only_in_It_for_the_Money/20.Lumpy_Gravy_I.flac
2026-04-06T14:35:53 update: added Frank_Zappa-We’re_Only_in_It_for_the_Money/12.Nasal_Retentive_Calliope_Music.flac
2026-04-06T14:35:53 update: added Frank_Zappa-We’re_Only_in_It_for_the_Money/07.Harry,_You’re_a_Beast.flac
2026-04-06T14:35:53 update: added Frank_Zappa-We’re_Only_in_It_for_the_Money/03.Concentration_Moon.flac
2026-04-06T14:35:53 update: added Frank_Zappa-We’re_Only_in_It_for_the_Money/16.Take_Your_Clothes_Off_When_You_Dance.flac
2026-04-06T14:35:53 update: added Frank_Zappa-We’re_Only_in_It_for_the_Money/09.Absolutely_Free.flac
2026-04-06T14:35:53 update: added Cage_the_Elephant-Melophobia/02.Come_a_Little_Closer.flac
2026-04-06T14:35:54 update: added Cage_the_Elephant-Melophobia/09.Teeth.flac
2026-04-06T14:35:54 update: added Cage_the_Elephant-Melophobia/08.Hypocrite.flac
2026-04-06T14:35:54 update: added Cage_the_Elephant-Melophobia/10.Cigarette_Daydreams.flac
2026-04-06T14:35:54 update: added Cage_the_Elephant-Melophobia/07.Black_Widow.flac
2026-04-06T14:35:54 update: added Cage_the_Elephant-Melophobia/05.Take_It_or_Leave_It.flac
2026-04-06T14:35:54 update: added Cage_the_Elephant-Melophobia/06.Halo.flac
2026-04-06T14:35:54 update: added Cage_the_Elephant-Melophobia/01.Spiderhead.flac
2026-04-06T14:35:54 update: added Cage_the_Elephant-Melophobia/03.Telescope.flac
2026-04-06T14:35:54 update: added Cage_the_Elephant-Melophobia/04.It’s_Just_Forever.flac
2026-04-06T14:35:54 update: added Cage_the_Elephant-Cage_the_Elephant/07.Drones_in_the_Valley.flac
2026-04-06T14:35:54 update: added Cage_the_Elephant-Cage_the_Elephant/01.In_One_Ear.flac
2026-04-06T14:35:54 update: added Cage_the_Elephant-Cage_the_Elephant/03.Ain’t_No_Rest_for_the_Wicked.flac
2026-04-06T14:35:54 update: added Cage_the_Elephant-Cage_the_Elephant/10.Soil_to_the_Sun.flac
2026-04-06T14:35:54 update: added Cage_the_Elephant-Cage_the_Elephant/06.Back_Against_the_Wall.flac
2026-04-06T14:35:54 update: added Cage_the_Elephant-Cage_the_Elephant/08.Judas.flac
2026-04-06T14:35:55 update: added Cage_the_Elephant-Cage_the_Elephant/02.James_Brown.flac
2026-04-06T14:35:55 update: added Cage_the_Elephant-Cage_the_Elephant/04.Tiny_Little_Robots.flac
2026-04-06T14:35:55 update: added Cage_the_Elephant-Cage_the_Elephant/05.Lotus.flac
2026-04-06T14:35:55 update: added Cage_the_Elephant-Cage_the_Elephant/09.Back_Stabbin’_Betty.flac
2026-04-06T14:35:55 update: added Cage_the_Elephant-Cage_the_Elephant/11.Free_Love.flac
2026-04-06T14:35:55 update: added Frank_Zappa-You_Are_What_You_Is/14.The_Meek_Shall_Inherit_Nothing.flac
2026-04-06T14:35:55 update: added Frank_Zappa-You_Are_What_You_Is/11.Conehead.flac
2026-04-06T14:35:55 update: added Frank_Zappa-You_Are_What_You_Is/13.Mudd_Club.flac
2026-04-06T14:35:55 update: added Frank_Zappa-You_Are_What_You_Is/01.Teen‐Age_Wind.flac
2026-04-06T14:35:55 update: added Frank_Zappa-You_Are_What_You_Is/09.Charlie’s_Enormous_Mouth.flac
2026-04-06T14:35:55 update: added Frank_Zappa-You_Are_What_You_Is/18.Jumbo_Go_Away.flac
2026-04-06T14:35:55 update: added Frank_Zappa-You_Are_What_You_Is/04.Goblin_Girl.flac
2026-04-06T14:35:55 update: added Frank_Zappa-You_Are_What_You_Is/16.Heavenly_Bank_Account.flac
2026-04-06T14:35:55 update: added Frank_Zappa-You_Are_What_You_Is/15.Dumb_All_Over.flac
2026-04-06T14:35:56 update: added Frank_Zappa-You_Are_What_You_Is/17.Suicide_Chump.flac
2026-04-06T14:35:56 update: added Frank_Zappa-You_Are_What_You_Is/03.Doreen.flac
2026-04-06T14:35:56 update: added Frank_Zappa-You_Are_What_You_Is/08.Beauty_Knows_No_Pain.flac
2026-04-06T14:35:56 update: added Frank_Zappa-You_Are_What_You_Is/10.Any_Downers.flac
2026-04-06T14:35:56 update: added Frank_Zappa-You_Are_What_You_Is/20.Drafted_Again.flac
2026-04-06T14:35:56 update: added Frank_Zappa-You_Are_What_You_Is/05.Theme_From_the_3rd_Movement_of_Sinister_Footwear.flac
2026-04-06T14:35:56 update: added Frank_Zappa-You_Are_What_You_Is/07.I’m_a_Beautiful_Guy.flac
2026-04-06T14:35:56 update: added Frank_Zappa-You_Are_What_You_Is/02.Harder_Than_Your_Husband.flac
2026-04-06T14:35:56 update: added Frank_Zappa-You_Are_What_You_Is/06.Society_Pages.flac
2026-04-06T14:35:56 update: added Frank_Zappa-You_Are_What_You_Is/12.You_Are_What_You_Is.flac
2026-04-06T14:35:56 update: added Frank_Zappa-You_Are_What_You_Is/19.If_Only_She_Woulda.flac
2026-04-06T14:35:56 update: added Bon_Jovi-Slippery_When_Wet/06.Raise_Your_Hands.flac
2026-04-06T14:35:56 update: added Bon_Jovi-Slippery_When_Wet/07.Without_Love.flac
2026-04-06T14:35:56 update: added Bon_Jovi-Slippery_When_Wet/09.Never_Say_Goodbye.flac
2026-04-06T14:35:56 update: added Bon_Jovi-Slippery_When_Wet/01.Let_It_Rock.flac
2026-04-06T14:35:56 update: added Bon_Jovi-Slippery_When_Wet/08.I’d_Die_for_You.flac
2026-04-06T14:35:57 update: added Bon_Jovi-Slippery_When_Wet/04.Social_Disease.flac
2026-04-06T14:35:57 update: added Bon_Jovi-Slippery_When_Wet/05.Wanted_Dead_or_Alive.flac
2026-04-06T14:35:57 update: added Bon_Jovi-Slippery_When_Wet/10.Wild_in_the_Streets.flac
2026-04-06T14:35:57 update: added Bon_Jovi-Slippery_When_Wet/03.Livin’_on_a_Prayer.flac
2026-04-06T14:35:57 update: added Bon_Jovi-Slippery_When_Wet/02.You_Give_Love_a_Bad_Name.flac
2026-04-06T14:35:57 update: added Fleetwood_Mac-Greatest_Hits/14.Big_Love.flac
2026-04-06T14:35:57 update: added Fleetwood_Mac-Greatest_Hits/08.As_Long_as_You_Follow.flac
2026-04-06T14:35:57 update: added Fleetwood_Mac-Greatest_Hits/13.Sara.flac
2026-04-06T14:35:57 update: added Fleetwood_Mac-Greatest_Hits/03.Go_Your_Own_Way.flac
2026-04-06T14:35:57 update: added Fleetwood_Mac-Greatest_Hits/05.Everywhere.flac
2026-04-06T14:35:57 update: added Fleetwood_Mac-Greatest_Hits/06.Gypsy.flac
2026-04-06T14:35:57 update: added Fleetwood_Mac-Greatest_Hits/16.No_Questions_Asked.flac
2026-04-06T14:35:57 update: added Fleetwood_Mac-Greatest_Hits/15.Over_My_Head.flac
2026-04-06T14:35:57 update: added Fleetwood_Mac-Greatest_Hits/10.Say_You_Love_Me.flac
2026-04-06T14:35:57 update: added Fleetwood_Mac-Greatest_Hits/02.Don’t_Stop.flac
2026-04-06T14:35:58 update: added Fleetwood_Mac-Greatest_Hits/01.Rhiannon.flac
2026-04-06T14:35:58 update: added Fleetwood_Mac-Greatest_Hits/07.You_Make_Loving_Fun.flac
2026-04-06T14:35:58 update: added Fleetwood_Mac-Greatest_Hits/04.Hold_Me.flac
2026-04-06T14:35:58 update: added Fleetwood_Mac-Greatest_Hits/11.Tusk.flac
2026-04-06T14:35:58 update: added Fleetwood_Mac-Greatest_Hits/12.Little_Lies.flac
2026-04-06T14:35:58 update: added Fleetwood_Mac-Greatest_Hits/09.Dreams.flac
2026-04-06T14:35:58 update: added Tyler,_The_Creator-Wolf/14.Rusty.flac
2026-04-06T14:35:58 update: added Tyler,_The_Creator-Wolf/05.Domo_23.flac
2026-04-06T14:35:58 update: added Tyler,_The_Creator-Wolf/16.Treehome95.flac
2026-04-06T14:35:58 update: added Tyler,_The_Creator-Wolf/02.Jamba.flac
2026-04-06T14:35:58 update: added Tyler,_The_Creator-Wolf/07.Slater.flac
2026-04-06T14:35:58 update: added Tyler,_The_Creator-Wolf/04.Awkward.flac
2026-04-06T14:35:58 update: added Tyler,_The_Creator-Wolf/10.PartyIsntOverCampfireBimmer.flac
2026-04-06T14:35:58 update: added Tyler,_The_Creator-Wolf/08.48.flac
2026-04-06T14:35:58 update: added Tyler,_The_Creator-Wolf/06.Answer.flac
2026-04-06T14:35:59 update: added Tyler,_The_Creator-Wolf/17.Tamale.flac
2026-04-06T14:35:59 update: added Tyler,_The_Creator-Wolf/01.Wolf.flac
2026-04-06T14:35:59 update: added Tyler,_The_Creator-Wolf/03.Cowboy.flac
2026-04-06T14:35:59 update: added Tyler,_The_Creator-Wolf/13.Parking_Lot.flac
2026-04-06T14:35:59 update: added Tyler,_The_Creator-Wolf/18.Lone.flac
2026-04-06T14:35:59 update: added Tyler,_The_Creator-Wolf/15.Trashwang.flac
2026-04-06T14:35:59 update: added Tyler,_The_Creator-Wolf/09.Colossus.flac
2026-04-06T14:35:59 update: added Tyler,_The_Creator-Wolf/12.Pigs.flac
2026-04-06T14:35:59 update: added Tyler,_The_Creator-Wolf/11.IFHY.flac
2026-04-06T14:35:59 update: added Frank_Zappa-Strictly_Commercial_The_Best_of_Frank_Zappa/10.Fine_Girl.flac
2026-04-06T14:35:59 update: added Frank_Zappa-Strictly_Commercial_The_Best_of_Frank_Zappa/09.Disco_Boy.flac
2026-04-06T14:35:59 update: added Frank_Zappa-Strictly_Commercial_The_Best_of_Frank_Zappa/05.Dirty_Love.flac
2026-04-06T14:35:59 update: added Frank_Zappa-Strictly_Commercial_The_Best_of_Frank_Zappa/14.Joe’s_Garage_(single_version).flac
2026-04-06T14:35:59 update: added Frank_Zappa-Strictly_Commercial_The_Best_of_Frank_Zappa/12.Let’s_Make_the_Water_Turn_Black.flac
2026-04-06T14:35:59 update: added Frank_Zappa-Strictly_Commercial_The_Best_of_Frank_Zappa/19.Muffin_Man.flac
2026-04-06T14:36:00 update: added Frank_Zappa-Strictly_Commercial_The_Best_of_Frank_Zappa/06.My_Guitar_Wants_to_Kill_Your_Mama.flac
2026-04-06T14:36:00 update: added Frank_Zappa-Strictly_Commercial_The_Best_of_Frank_Zappa/11.Sexual_Harassment_in_the_Workplace.flac
2026-04-06T14:36:00 update: added Frank_Zappa-Strictly_Commercial_The_Best_of_Frank_Zappa/16.Montana_(single_version).flac
2026-04-06T14:36:00 update: added Frank_Zappa-Strictly_Commercial_The_Best_of_Frank_Zappa/04.San_Ber’dino.flac
2026-04-06T14:36:00 update: added Frank_Zappa-Strictly_Commercial_The_Best_of_Frank_Zappa/17.Valley_Girl.flac
2026-04-06T14:36:00 update: added Frank_Zappa-Strictly_Commercial_The_Best_of_Frank_Zappa/15.Tell_Me_You_Love_Me.flac
2026-04-06T14:36:00 update: added Frank_Zappa-Strictly_Commercial_The_Best_of_Frank_Zappa/01.Peaches_en_Regalia.flac
2026-04-06T14:36:00 update: added Frank_Zappa-Strictly_Commercial_The_Best_of_Frank_Zappa/08.Trouble_Every_Day.flac
2026-04-06T14:36:00 update: added Frank_Zappa-Strictly_Commercial_The_Best_of_Frank_Zappa/07.Cosmik_Debris.flac
2026-04-06T14:36:00 update: added Frank_Zappa-Strictly_Commercial_The_Best_of_Frank_Zappa/18.Be_in_My_Video.flac
2026-04-06T14:36:00 update: added Frank_Zappa-Strictly_Commercial_The_Best_of_Frank_Zappa/13.I’m_the_Slime.flac
2026-04-06T14:36:00 update: added Frank_Zappa-Strictly_Commercial_The_Best_of_Frank_Zappa/02.Don’t_Eat_the_Yellow_Snow_(single_version).flac
2026-04-06T14:36:00 update: added Frank_Zappa-Strictly_Commercial_The_Best_of_Frank_Zappa/03.Dancin’_Fool.flac
2026-04-06T14:36:00 update: added Frank_Zappa-Sheik_Yerbouti/06.What_Ever_Happened_to_All_the_Fun_in_the_World.flac
2026-04-06T14:36:01 update: added Frank_Zappa-Sheik_Yerbouti/17.Wild_Love.flac
2026-04-06T14:36:01 update: added Frank_Zappa-Sheik_Yerbouti/11.The_Sheik_Yerbouti_Tango.flac
2026-04-06T14:36:01 update: added Frank_Zappa-Sheik_Yerbouti/01.I_Have_Been_in_You.flac
2026-04-06T14:36:01 update: added Frank_Zappa-Sheik_Yerbouti/10.Rubber_Shirt.flac
2026-04-06T14:36:01 update: added Frank_Zappa-Sheik_Yerbouti/09.Bobby_Brown_Goes_Down.flac
2026-04-06T14:36:01 update: added Frank_Zappa-Sheik_Yerbouti/14.City_of_Tiny_Lites.flac
2026-04-06T14:36:01 update: added Frank_Zappa-Sheik_Yerbouti/16.Jewish_Princess.flac
2026-04-06T14:36:01 update: added Frank_Zappa-Sheik_Yerbouti/05.Jones_Crusher.flac
2026-04-06T14:36:01 update: added Frank_Zappa-Sheik_Yerbouti/07.Rat_Tomago.flac
2026-04-06T14:36:01 update: added Frank_Zappa-Sheik_Yerbouti/12.Baby_Snakes.flac
2026-04-06T14:36:01 update: added Frank_Zappa-Sheik_Yerbouti/03.Broken_Hearts_Are_for_Assholes.flac
2026-04-06T14:36:01 update: added Frank_Zappa-Sheik_Yerbouti/15.Dancin’_Fool.flac
2026-04-06T14:36:01 update: added Frank_Zappa-Sheik_Yerbouti/08.Wait_a_Minute.flac
2026-04-06T14:36:01 update: added Frank_Zappa-Sheik_Yerbouti/13.Tryin’_to_Grow_a_Chin.flac
2026-04-06T14:36:01 update: added Frank_Zappa-Sheik_Yerbouti/04.I’m_So_Cute.flac
2026-04-06T14:36:01 update: added Frank_Zappa-Sheik_Yerbouti/02.Flakes.flac
2026-04-06T14:36:02 update: added Frank_Zappa-Sheik_Yerbouti/18.Yo’_Mama.flac
2026-04-06T14:36:02 update: added Frank_Zappa-Overnite_Sensation/13.5050.flac
2026-04-06T14:36:02 update: added Frank_Zappa-Overnite_Sensation/16.Montana.flac
2026-04-06T14:36:02 update: added Frank_Zappa-Overnite_Sensation/15.Dinah‐Moe‐Hum.flac
2026-04-06T14:36:02 update: added Frank_Zappa-Overnite_Sensation/14.Zomby_Woof.flac
2026-04-06T14:36:02 update: added Frank_Zappa-Overnite_Sensation/11.I’m_the_Slime.flac
2026-04-06T14:36:02 update: added Frank_Zappa-Overnite_Sensation/10.Camarillo_Brillo.flac
2026-04-06T14:36:02 update: added Frank_Zappa-Overnite_Sensation/12.Dirty_Love.flac
2026-04-06T14:36:02 update: added Eric_Clapton-Journeyman/10.Breaking_Point.flac
2026-04-06T14:36:02 update: added Eric_Clapton-Journeyman/11.Lead_Me_On.flac
2026-04-06T14:36:02 update: added Eric_Clapton-Journeyman/07.No_Alibis.flac
2026-04-06T14:36:02 update: added Eric_Clapton-Journeyman/05.Hard_Times.flac
2026-04-06T14:36:02 update: added Eric_Clapton-Journeyman/01.Pretending.flac
2026-04-06T14:36:02 update: added Eric_Clapton-Journeyman/04.Running_on_Faith.flac
2026-04-06T14:36:02 update: added Eric_Clapton-Journeyman/03.Bad_Love.flac
2026-04-06T14:36:02 update: added Eric_Clapton-Journeyman/02.Anything_for_Your_Love.flac
2026-04-06T14:36:03 update: added Eric_Clapton-Journeyman/12.Before_You_Accuse_Me.flac
2026-04-06T14:36:03 update: added Eric_Clapton-Journeyman/08.Run_So_Far.flac
2026-04-06T14:36:03 update: added Eric_Clapton-Journeyman/09.Old_Love.flac
2026-04-06T14:36:03 update: added Eric_Clapton-Journeyman/06.Hound_Dog.flac
2026-04-06T14:36:03 update: added Jake_Bugg-Jake_Bugg/07.Broken.flac
2026-04-06T14:36:03 update: added Jake_Bugg-Jake_Bugg/12.Note_to_Self.flac
2026-04-06T14:36:03 update: added Jake_Bugg-Jake_Bugg/09.Ballad_of_Mr_Jones.flac
2026-04-06T14:36:03 update: added Jake_Bugg-Jake_Bugg/02.Two_Fingers.flac
2026-04-06T14:36:03 update: added Jake_Bugg-Jake_Bugg/11.Someone_Told_Me.flac
2026-04-06T14:36:03 update: added Jake_Bugg-Jake_Bugg/10.Slide.flac
2026-04-06T14:36:03 update: added Jake_Bugg-Jake_Bugg/08.Trouble_Town.flac
2026-04-06T14:36:03 update: added Jake_Bugg-Jake_Bugg/03.Taste_It.flac
2026-04-06T14:36:03 update: added Jake_Bugg-Jake_Bugg/13.Someplace.flac
2026-04-06T14:36:03 update: added Jake_Bugg-Jake_Bugg/04.Seen_It_All.flac
2026-04-06T14:36:03 update: added Jake_Bugg-Jake_Bugg/06.Country_Song.flac
2026-04-06T14:36:03 update: added Jake_Bugg-Jake_Bugg/01.Lightning_Bolt.flac
2026-04-06T14:36:04 update: added Jake_Bugg-Jake_Bugg/05.Simple_as_This.flac
2026-04-06T14:36:04 update: added Jake_Bugg-Jake_Bugg/14.Fire.flac
2026-04-06T14:36:04 update: added Frank_Zappa-Chunga’s_Revenge/01.Transylvania_Boogie.flac
2026-04-06T14:36:04 update: added Frank_Zappa-Chunga’s_Revenge/09.Rudy_Wants_to_Buy_Yez_a_Drink.flac
2026-04-06T14:36:04 update: added Frank_Zappa-Chunga’s_Revenge/05.Tell_Me_You_Love_Me.flac
2026-04-06T14:36:04 update: added Frank_Zappa-Chunga’s_Revenge/07.Chunga’s_Revenge.flac
2026-04-06T14:36:04 update: added Frank_Zappa-Chunga’s_Revenge/02.Road_Ladies.flac
2026-04-06T14:36:04 update: added Frank_Zappa-Chunga’s_Revenge/08.The_Clap.flac
2026-04-06T14:36:04 update: added Frank_Zappa-Chunga’s_Revenge/03.Twenty_Small_Cigars.flac
2026-04-06T14:36:04 update: added Frank_Zappa-Chunga’s_Revenge/06.Would_You_Go_All_the_Way.flac
2026-04-06T14:36:04 update: added Frank_Zappa-Chunga’s_Revenge/04.The_Nancy_&_Mary_Music.flac
2026-04-06T14:36:04 update: added Frank_Zappa-Chunga’s_Revenge/10.Sharleena.flac
2026-04-06T14:36:04 update: added Various-Guardians_of_the_Galaxy,_Vol._2_Awesome_Mix,_Vol._2/13.Parliament-Flash_Light.flac
2026-04-06T14:36:04 update: added Various-Guardians_of_the_Galaxy,_Vol._2_Awesome_Mix,_Vol._2/09.Jay_and_the_Americans-Come_a_Little_Bit_Closer.flac
2026-04-06T14:36:04 update: added Various-Guardians_of_the_Galaxy,_Vol._2_Awesome_Mix,_Vol._2/08.Looking_Glass-Brandy_(You’re_a_Fine_Girl).flac
2026-04-06T14:36:05 update: added Various-Guardians_of_the_Galaxy,_Vol._2_Awesome_Mix,_Vol._2/10.Silver-Wham_Bam_Shang‐a‐Lang.flac
2026-04-06T14:36:05 update: added Various-Guardians_of_the_Galaxy,_Vol._2_Awesome_Mix,_Vol._2/07.George_Harrison-My_Sweet_Lord.flac
2026-04-06T14:36:05 update: added Various-Guardians_of_the_Galaxy,_Vol._2_Awesome_Mix,_Vol._2/11.Cheap_Trick-Surrender.flac
2026-04-06T14:36:05 update: added Various-Guardians_of_the_Galaxy,_Vol._2_Awesome_Mix,_Vol._2/14.The_Sneepers_feat._David_Hasselhoff-Guardians_Inferno.flac
2026-04-06T14:36:05 update: added Various-Guardians_of_the_Galaxy,_Vol._2_Awesome_Mix,_Vol._2/03.Aliotta_Haynes_Jeremiah-Lake_Shore_Drive.flac
2026-04-06T14:36:05 update: added Various-Guardians_of_the_Galaxy,_Vol._2_Awesome_Mix,_Vol._2/02.Sweet-Fox_on_the_Run.flac
2026-04-06T14:36:05 update: added Various-Guardians_of_the_Galaxy,_Vol._2_Awesome_Mix,_Vol._2/04.Fleetwood_Mac-The_Chain.flac
2026-04-06T14:36:05 update: added Various-Guardians_of_the_Galaxy,_Vol._2_Awesome_Mix,_Vol._2/12.Cat_Stevens-Father_and_Son.flac
2026-04-06T14:36:05 update: added Various-Guardians_of_the_Galaxy,_Vol._2_Awesome_Mix,_Vol._2/01.Electric_Light_Orchestra-Mr._Blue_Sky.flac
2026-04-06T14:36:05 update: added Various-Guardians_of_the_Galaxy,_Vol._2_Awesome_Mix,_Vol._2/05.Sam_Cooke-Bring_It_On_Home_to_Me.flac
2026-04-06T14:36:05 update: added Various-Guardians_of_the_Galaxy,_Vol._2_Awesome_Mix,_Vol._2/06.Glen_Campbell-Southern_Nights.flac
2026-04-06T14:36:05 update: added Various-Big_Swing_Face/09.Bugle_Call_Rag-Bugle_Call_Rag.flac
2026-04-06T14:36:05 update: added Various-Big_Swing_Face/15.New_Blues-New_Blues.flac
2026-04-06T14:36:05 update: added Various-Big_Swing_Face/13.Machine-Machine.flac
2026-04-06T14:36:06 update: added Various-Big_Swing_Face/01.Norwegian_Wood-Norwegian_Wood.flac
2026-04-06T14:36:06 update: added Various-Big_Swing_Face/16.Old_Timey-Old_Timey.flac
2026-04-06T14:36:06 update: added Various-Big_Swing_Face/02.Big_Swing_Face-Big_Swing_Face.flac
2026-04-06T14:36:06 update: added Various-Big_Swing_Face/04.Wack_Wack-Wack_Wack.flac
2026-04-06T14:36:06 update: added Various-Big_Swing_Face/10.Standing_up_in_a_Hammock-Standing_up_in_a_Hammock.flac
2026-04-06T14:36:06 update: added Various-Big_Swing_Face/06.Mexicali_Nose-Mexicali_Nose.flac
2026-04-06T14:36:06 update: added Various-Big_Swing_Face/14.Silver_Threads_Among_the_Blues-Silver_Threads_Among_the_Blues.flac
2026-04-06T14:36:06 update: added Various-Big_Swing_Face/05.Love_for_Sale-Love_for_Sale.flac
2026-04-06T14:36:06 update: added Various-Big_Swing_Face/03.Monitor_Theme-Monitor_Theme.flac
2026-04-06T14:36:06 update: added Various-Big_Swing_Face/07.Willowcrest-Willowcrest.flac
2026-04-06T14:36:06 update: added Various-Big_Swing_Face/17.Loose-Loose.flac
2026-04-06T14:36:06 update: added Various-Big_Swing_Face/18.a.k.a._“Gino”-Apples.flac
2026-04-06T14:36:06 update: added Various-Big_Swing_Face/12.Lament_for_Lester-Lament_for_Lester.flac
2026-04-06T14:36:06 update: added Various-Big_Swing_Face/08.The_Beat_Goes_On-The_Beat_Goes_On.flac
2026-04-06T14:36:06 update: added Various-Big_Swing_Face/11.Chicago-Chicago.flac
2026-04-06T14:36:07 update: added The_Game-The_Documentary/10.Start_From_Scratch.flac
2026-04-06T14:36:07 update: added The_Game-The_Documentary/15.Where_I’m_From.flac
2026-04-06T14:36:07 update: added The_Game-The_Documentary/09.Put_You_on_the_Game.flac
2026-04-06T14:36:07 update: added The_Game-The_Documentary/18.Like_Father,_Like_Son.flac
2026-04-06T14:36:07 update: added The_Game-The_Documentary/05.Higher.flac
2026-04-06T14:36:07 update: added The_Game-The_Documentary/02.Westside_Story.flac
2026-04-06T14:36:07 update: added The_Game-The_Documentary/17.Don’t_Worry.flac
2026-04-06T14:36:07 update: added The_Game-The_Documentary/16.Special.flac
2026-04-06T14:36:07 update: added The_Game-The_Documentary/14.We_Ain’t.flac
2026-04-06T14:36:07 update: added The_Game-The_Documentary/01.Intro.flac
2026-04-06T14:36:07 update: added The_Game-The_Documentary/07.Don’t_Need_Your_Love.flac
2026-04-06T14:36:07 update: added The_Game-The_Documentary/03.Dreams.flac
2026-04-06T14:36:07 update: added The_Game-The_Documentary/08.Church_for_Thugs.flac
2026-04-06T14:36:07 update: added The_Game-The_Documentary/06.How_We_Do.flac
2026-04-06T14:36:07 update: added The_Game-The_Documentary/04.Hate_It_or_Love_It.flac
2026-04-06T14:36:08 update: added The_Game-The_Documentary/11.The_Documentary.flac
2026-04-06T14:36:08 update: added The_Game-The_Documentary/13.No_More_Fun_and_Games.flac
2026-04-06T14:36:08 update: added The_Game-The_Documentary/12.Runnin’.flac
2026-04-06T14:36:08 update: added Eric_Johnson-Ah_Via_Musicom/04.High_Landrons.flac
2026-04-06T14:36:08 update: added Eric_Johnson-Ah_Via_Musicom/11.East_Wes.flac
2026-04-06T14:36:08 update: added Eric_Johnson-Ah_Via_Musicom/09.Righteous.flac
2026-04-06T14:36:08 update: added Eric_Johnson-Ah_Via_Musicom/05.Steve’s_Boogie.flac
2026-04-06T14:36:08 update: added Eric_Johnson-Ah_Via_Musicom/01.Ah_Via_Musicom.flac
2026-04-06T14:36:08 update: added Eric_Johnson-Ah_Via_Musicom/03.Desert_Rose.flac
2026-04-06T14:36:08 update: added Eric_Johnson-Ah_Via_Musicom/08.Song_for_George.flac
2026-04-06T14:36:08 update: added Eric_Johnson-Ah_Via_Musicom/06.Trademark.flac
2026-04-06T14:36:08 update: added Eric_Johnson-Ah_Via_Musicom/10.Forty_Mile_Town.flac
2026-04-06T14:36:08 update: added Eric_Johnson-Ah_Via_Musicom/02.Cliffs_of_Dover.flac
2026-04-06T14:36:08 update: added Eric_Johnson-Ah_Via_Musicom/07.Nothing_Can_Keep_Me_From_You.flac
2026-04-06T14:36:09 update: added G3-G3_Live_in_Concert/05.Manhattan.flac
2026-04-06T14:36:09 update: added G3-G3_Live_in_Concert/10.Going_Down.flac
2026-04-06T14:36:09 update: added G3-G3_Live_in_Concert/02.Flying_in_a_Blue_Dream.flac
2026-04-06T14:36:09 update: added G3-G3_Live_in_Concert/01.Cool_Nº9.flac
2026-04-06T14:36:09 update: added G3-G3_Live_in_Concert/03.Summer_Song.flac
2026-04-06T14:36:09 update: added G3-G3_Live_in_Concert/07.Answers.flac
2026-04-06T14:36:09 update: added G3-G3_Live_in_Concert/04.Zap.flac
2026-04-06T14:36:09 update: added G3-G3_Live_in_Concert/06.Camel’s_Night_Out.flac
2026-04-06T14:36:09 update: added G3-G3_Live_in_Concert/08.For_the_Love_of_God.flac
2026-04-06T14:36:09 update: added G3-G3_Live_in_Concert/11.My_Guitar_Wants_to_Kill_Your_Mama.flac
2026-04-06T14:36:09 update: added G3-G3_Live_in_Concert/09.The_Attitude_Song.flac
2026-04-06T14:36:09 update: added G3-G3_Live_in_Concert/12.Red_House.flac
2026-04-06T14:36:09 update: added Frank_Zappa-Zappas_Universe/11.Waka_Jawaka_(edit).flac
2026-04-06T14:36:09 update: added Frank_Zappa-Zappas_Universe/14.Hot_Plate_Heaven_at_the_Green_Hotel.flac
2026-04-06T14:36:09 update: added Frank_Zappa-Zappas_Universe/08.Hungry_Freaks,_Daddy.flac
2026-04-06T14:36:09 update: added Frank_Zappa-Zappas_Universe/07.Echindas_Arf_(Of_You).flac
2026-04-06T14:36:10 update: added Frank_Zappa-Zappas_Universe/09.Heavenly_Bank_Account.flac
2026-04-06T14:36:10 update: added Frank_Zappa-Zappas_Universe/02.Brown_Shoes_Dont_Make_It.flac
2026-04-06T14:36:10 update: added Frank_Zappa-Zappas_Universe/12.Sofa.flac
2026-04-06T14:36:10 update: added Frank_Zappa-Zappas_Universe/04.Inca_Roads.flac
2026-04-06T14:36:10 update: added Frank_Zappa-Zappas_Universe/13.Dirty_Love.flac
2026-04-06T14:36:10 update: added Frank_Zappa-Zappas_Universe/06.Nite_School.flac
2026-04-06T14:36:10 update: added Frank_Zappa-Zappas_Universe/05.Moggio.flac
2026-04-06T14:36:10 update: added Frank_Zappa-Zappas_Universe/10.The_Meek_Shall_Inherit_Nothing.flac
2026-04-06T14:36:10 update: added Frank_Zappa-Zappas_Universe/03.Jazz_Discharge_Party_Hats.flac
2026-04-06T14:36:10 update: added Frank_Zappa-Zappas_Universe/01.Elvis_Has_Just_Left_the_Building.flac
2026-04-06T14:36:10 update: added The_Mothers_of_Invention-Weasels_Ripped_My_Flesh/05.Get_a_Little.flac
2026-04-06T14:36:10 update: added The_Mothers_of_Invention-Weasels_Ripped_My_Flesh/01.Didja_Get_Any_Onya.flac
2026-04-06T14:36:10 update: added The_Mothers_of_Invention-Weasels_Ripped_My_Flesh/03.Prelude_to_the_Afternoon_of_a_Sexually_Aroused_Gas_Mask.flac
2026-04-06T14:36:10 update: added The_Mothers_of_Invention-Weasels_Ripped_My_Flesh/08.My_Guitar_Wants_to_Kill_Your_Mama.flac
2026-04-06T14:36:10 update: added The_Mothers_of_Invention-Weasels_Ripped_My_Flesh/02.Directly_From_My_Heart_to_You.flac
2026-04-06T14:36:10 update: added The_Mothers_of_Invention-Weasels_Ripped_My_Flesh/09.Oh_No.flac
2026-04-06T14:36:11 update: added The_Mothers_of_Invention-Weasels_Ripped_My_Flesh/11.Weasels_Ripped_My_Flesh.flac
2026-04-06T14:36:11 update: added The_Mothers_of_Invention-Weasels_Ripped_My_Flesh/10.The_Orange_County_Lumber_Truck.flac
2026-04-06T14:36:11 update: added The_Mothers_of_Invention-Weasels_Ripped_My_Flesh/06.The_Eric_Dolphy_Memorial_Barbecue.flac
2026-04-06T14:36:11 update: added The_Mothers_of_Invention-Weasels_Ripped_My_Flesh/07.Dwarf_Nebula_Processional_March_&_Dwarf_Nebula.flac
2026-04-06T14:36:11 update: added The_Mothers_of_Invention-Weasels_Ripped_My_Flesh/04.Toads_of_the_Short_Forest.flac
2026-04-06T14:36:11 update: added Andrea_Bocelli-Sogno/10.Tremo_e_t’amo.flac
2026-04-06T14:36:11 update: added Andrea_Bocelli-Sogno/08.Immenso.flac
2026-04-06T14:36:11 update: added Andrea_Bocelli-Sogno/02.The_Prayer.flac
2026-04-06T14:36:11 update: added Andrea_Bocelli-Sogno/03.Sogno.flac
2026-04-06T14:36:11 update: added Andrea_Bocelli-Sogno/11.I_Love_Rossini.flac
2026-04-06T14:36:11 update: added Andrea_Bocelli-Sogno/14.A_mio_padre_(6_maggio_1992).flac
2026-04-06T14:36:11 update: added Andrea_Bocelli-Sogno/07.Mai_più_così_lontano.flac
2026-04-06T14:36:11 update: added Andrea_Bocelli-Sogno/13.Come_un_fiume_tu.flac
2026-04-06T14:36:11 update: added Andrea_Bocelli-Sogno/05.A_volte_il_cuore.flac
2026-04-06T14:36:12 update: added Andrea_Bocelli-Sogno/12.Un_canto.flac
2026-04-06T14:36:12 update: added Andrea_Bocelli-Sogno/01.Canto_della_terra.flac
2026-04-06T14:36:12 update: added Andrea_Bocelli-Sogno/09.Nel_cuore_lei.flac
2026-04-06T14:36:12 update: added Andrea_Bocelli-Sogno/04.’O_mare_e_tu.flac
2026-04-06T14:36:12 update: added Andrea_Bocelli-Sogno/06.Cantico.flac
2026-04-06T14:36:12 update: added MisterWives-Our_Own_House/04.Oceans.flac
2026-04-06T14:36:12 update: added MisterWives-Our_Own_House/10.Imagination_Infatuation.flac
2026-04-06T14:36:12 update: added MisterWives-Our_Own_House/09.Box_Around_the_Sun.flac
2026-04-06T14:36:12 update: added MisterWives-Our_Own_House/02.Not_Your_Way.flac
2026-04-06T14:36:12 update: added MisterWives-Our_Own_House/03.Reflections.flac
2026-04-06T14:36:12 update: added MisterWives-Our_Own_House/08.No_Need_for_Dreaming.flac
2026-04-06T14:36:12 update: added MisterWives-Our_Own_House/06.Hurricane.flac
2026-04-06T14:36:12 update: added MisterWives-Our_Own_House/12.Queens.flac
2026-04-06T14:36:12 update: added MisterWives-Our_Own_House/11.Vagabond.flac
2026-04-06T14:36:12 update: added MisterWives-Our_Own_House/05.Best_I_Can_Do.flac
2026-04-06T14:36:12 update: added MisterWives-Our_Own_House/01.Our_Own_House.flac
2026-04-06T14:36:13 update: added MisterWives-Our_Own_House/07.Coffins.flac
2026-04-06T14:36:13 update: added John_Mayer-Heavier_Things/03.Somethings_Missing.flac
2026-04-06T14:36:13 update: added John_Mayer-Heavier_Things/06.Home_Life.flac
2026-04-06T14:36:13 update: added John_Mayer-Heavier_Things/09.Only_Heart.flac
2026-04-06T14:36:13 update: added John_Mayer-Heavier_Things/04.New_Deep.flac
2026-04-06T14:36:13 update: added John_Mayer-Heavier_Things/10.Wheel.flac
2026-04-06T14:36:13 update: added John_Mayer-Heavier_Things/01.Clarity.flac
2026-04-06T14:36:13 update: added John_Mayer-Heavier_Things/08.Daughters.flac
2026-04-06T14:36:13 update: added John_Mayer-Heavier_Things/02.Bigger_Than_My_Body.flac
2026-04-06T14:36:13 update: added John_Mayer-Heavier_Things/05.Come_Back_to_Bed.flac
2026-04-06T14:36:13 update: added John_Mayer-Heavier_Things/07.Split_Screen_Sadness.flac
2026-04-06T14:36:13 update: added Joe_Satriani-The_Extremist/02.The_Extremist.flac
2026-04-06T14:36:13 update: added Joe_Satriani-The_Extremist/04.Cryin’.flac
2026-04-06T14:36:13 update: added Joe_Satriani-The_Extremist/07.Tears_in_the_Rain.flac
2026-04-06T14:36:14 update: added Joe_Satriani-The_Extremist/01.Friends.flac
2026-04-06T14:36:14 update: added Joe_Satriani-The_Extremist/09.Motorcycle_Driver.flac
2026-04-06T14:36:14 update: added Joe_Satriani-The_Extremist/10.New_Blues.flac
2026-04-06T14:36:14 update: added Joe_Satriani-The_Extremist/05.Rubina’s_Blue_Sky_Happiness.flac
2026-04-06T14:36:14 update: added Joe_Satriani-The_Extremist/06.Summer_Song.flac
2026-04-06T14:36:14 update: added Joe_Satriani-The_Extremist/03.War.flac
2026-04-06T14:36:14 update: added Joe_Satriani-The_Extremist/08.Why.flac
2026-04-06T14:36:14 update: added John_Cougar_Mellencamp-Big_Daddy/01.Big_Daddy_of_Them_All.flac
2026-04-06T14:36:14 update: added John_Cougar_Mellencamp-Big_Daddy/06.Pop_Singer.flac
2026-04-06T14:36:14 update: added John_Cougar_Mellencamp-Big_Daddy/05.Jackie_Brown.flac
2026-04-06T14:36:14 update: added John_Cougar_Mellencamp-Big_Daddy/11.J.M.s_Question.flac
2026-04-06T14:36:14 update: added John_Cougar_Mellencamp-Big_Daddy/04.Theo_and_Weird_Henry.flac
2026-04-06T14:36:14 update: added John_Cougar_Mellencamp-Big_Daddy/10.Country_Gentleman.flac
2026-04-06T14:36:14 update: added John_Cougar_Mellencamp-Big_Daddy/09.Sometimes_a_Great_Notion.flac
2026-04-06T14:36:14 update: added John_Cougar_Mellencamp-Big_Daddy/03.Martha_Say.flac
2026-04-06T14:36:15 update: added John_Cougar_Mellencamp-Big_Daddy/07.Void_in_My_Heart.flac
2026-04-06T14:36:15 update: added John_Cougar_Mellencamp-Big_Daddy/02.To_Live.flac
2026-04-06T14:36:15 update: added John_Cougar_Mellencamp-Big_Daddy/08.Mansions_in_Heaven.flac
2026-04-06T14:36:15 update: added John_Cougar_Mellencamp-Big_Daddy/12.Let_It_All_Hang_Out.flac
2026-04-06T14:48:59 player: played "The_Game-The_Documentary/01.Intro.flac"
2026-04-06T14:52:42 player: played "The_Game-The_Documentary/02.Westside_Story.flac"
2026-04-06T14:57:29 player: played "The_Game-The_Documentary/03.Dreams.flac"
2026-04-06T15:00:55 player: played "The_Game-The_Documentary/04.Hate_It_or_Love_It.flac"
2026-04-06T15:05:00 player: played "The_Game-The_Documentary/05.Higher.flac"
2026-04-06T15:08:56 player: played "The_Game-The_Documentary/06.How_We_Do.flac"
2026-04-06T15:15:20 player: played "The_Game-The_Documentary/07.Don’t_Need_Your_Love.flac"
2026-04-06T15:19:21 player: played "The_Game-The_Documentary/08.Church_for_Thugs.flac"
2026-04-06T15:23:35 player: played "The_Game-The_Documentary/09.Put_You_on_the_Game.flac"
2026-04-06T15:27:42 player: played "The_Game-The_Documentary/10.Start_From_Scratch.flac"
2026-04-06T15:31:54 player: played "The_Game-The_Documentary/11.The_Documentary.flac"
2026-04-06T15:32:57 player: played "The_Game-The_Documentary/12.Runnin’.flac"
2026-04-06T15:38:26 player: played "Eric_Johnson-Venus_Isle/01.Venus_Isle.flac"
2026-04-06T15:44:25 player: played "Eric_Johnson-Venus_Isle/02.Battle_We_Have_Won.flac"
2026-04-06T15:52:46 player: played "Eric_Johnson-Venus_Isle/03.All_About_You.flac"
2026-04-06T15:55:49 player: played "Eric_Johnson-Venus_Isle/04.S.R.V..flac"
2026-04-07T08:55:12 player: played "Eric_Johnson-Venus_Isle/05.Lonely_in_the_Night.flac"
2026-04-07T08:59:47 player: played "Van_Morrison-Moondance/01.And_It_Stoned_Me.flac"
2026-04-07T09:02:13 player: played "Van_Morrison-Moondance/02.Moondance.flac"
2026-04-07T09:05:43 player: played "Joe_Satriani-The_Extremist/01.Friends.flac"
2026-04-07T09:09:26 player: played "Joe_Satriani-The_Extremist/02.The_Extremist.flac"
2026-04-07T09:15:15 player: played "Joe_Satriani-The_Extremist/03.War.flac"
2026-04-07T09:20:58 player: played "Joe_Satriani-The_Extremist/04.Cryin’.flac"
2026-04-07T09:27:09 player: played "Joe_Satriani-The_Extremist/05.Rubina’s_Blue_Sky_Happiness.flac"
2026-04-07T09:32:09 player: played "Joe_Satriani-The_Extremist/06.Summer_Song.flac"
2026-04-07T09:33:28 player: played "Joe_Satriani-The_Extremist/07.Tears_in_the_Rain.flac"
2026-04-07T09:38:13 player: played "Joe_Satriani-The_Extremist/08.Why.flac"
2026-04-07T09:43:12 player: played "Joe_Satriani-The_Extremist/09.Motorcycle_Driver.flac"
2026-04-07T09:50:10 player: played "Joe_Satriani-The_Extremist/10.New_Blues.flac"
2026-04-07T09:54:52 player: played "Frank_Zappa-Joe’s_Garage_Acts_I,_II_&_III/101.The_Central_Scrutinizer.flac"
2026-04-07T10:01:02 player: played "Frank_Zappa-Joe’s_Garage_Acts_I,_II_&_III/102.Joe’s_Garage.flac"
2026-04-07T10:05:28 player: played "Frank_Zappa-Joe’s_Garage_Acts_I,_II_&_III/103.Catholic_Girls.flac"
2026-04-07T10:11:59 player: played "Frank_Zappa-Joe’s_Garage_Acts_I,_II_&_III/104.Crew_Slut.flac"
2026-04-07T10:16:44 player: played "Frank_Zappa-Joe’s_Garage_Acts_I,_II_&_III/105.Fembot_in_a_Wet_T‐Shirt.flac"
2026-04-07T10:21:04 player: played "Frank_Zappa-Joe’s_Garage_Acts_I,_II_&_III/106.On_the_Bus.flac"
2026-04-07T10:23:39 player: played "Frank_Zappa-Joe’s_Garage_Acts_I,_II_&_III/107.Why_Does_It_Hurt_When_I_Pee.flac"
2026-04-07T10:37:24 player: played "Frank_Zappa-Joe’s_Garage_Acts_I,_II_&_III/108.Lucille_Has_Messed_My_Mind_Up.flac"
2026-04-07T10:38:59 player: played "Frank_Zappa-Joe’s_Garage_Acts_I,_II_&_III/109.Scrutinizer_Postlude.flac"
2026-04-07T10:44:29 player: played "Frank_Zappa-Joe’s_Garage_Acts_I,_II_&_III/110.A_Token_of_My_Extreme.flac"
2026-04-07T10:49:03 player: played "Frank_Zappa-Joe’s_Garage_Acts_I,_II_&_III/111.Stick_It_Out.flac"
2026-04-07T10:58:00 player: played "Frank_Zappa-Joe’s_Garage_Acts_I,_II_&_III/112.Sy_Borg.flac"
2026-04-07T11:03:03 player: played "Frank_Zappa-Joe’s_Garage_Acts_I,_II_&_III/201.Dong_Work_for_Yuda.flac"
2026-04-07T11:11:25 player: played "Frank_Zappa-Joe’s_Garage_Acts_I,_II_&_III/202.Keep_It_Greasey.flac"
2026-04-07T11:17:15 player: played "Frank_Zappa-Joe’s_Garage_Acts_I,_II_&_III/203.Outside_Now.flac"
2026-04-07T11:31:37 player: played "Frank_Zappa-Joe’s_Garage_Acts_I,_II_&_III/204.He_Used_to_Cut_the_Grass.flac"
2026-04-07T11:51:05 player: played "Frank_Zappa-Joe’s_Garage_Acts_I,_II_&_III/205.Packard_Goose.flac"
2026-04-07T12:15:00 player: played "Frank_Zappa-Joe’s_Garage_Acts_I,_II_&_III/206.Watermelon_in_Easter_Hay.flac"
2026-04-07T12:23:16 player: played "Frank_Zappa-Joe’s_Garage_Acts_I,_II_&_III/207.A_Little_Green_Rosetta.flac"
2026-04-08T09:24:02 player: played "Malo-Malo/1.Pana.flac"
2026-04-08T09:31:53 player: played "Malo-Malo/2.Just_Say_Goodbye.flac"
2026-04-08T09:39:13 player: played "Malo-Malo/3.Cafe.flac"
2026-04-08T09:45:43 player: played "Malo-Malo/4.Nena.flac"
2026-04-08T14:15:46 player: played "Malo-Malo/5.Suavecito.flac"
2026-04-08T14:24:40 player: played "Malo-Malo/6.Peace.flac"
2026-04-08T14:30:45 player: played "Frank_Zappa-The_Best_Band_You_Never_Heard_in_Your_Life/101.Heavy_Duty_Judy.flac"
2026-04-08T14:32:46 player: played "Frank_Zappa-The_Best_Band_You_Never_Heard_in_Your_Life/102.Ring_of_Fire.flac"
2026-04-08T14:37:19 player: played "Frank_Zappa-The_Best_Band_You_Never_Heard_in_Your_Life/103.Cosmik_Debris.flac"
2026-04-08T14:37:22 player: played "Frank_Zappa-The_Best_Band_You_Never_Heard_in_Your_Life/104.Find_Her_Finer.flac"
2026-04-08T14:41:14 player: played "John_Mayer-Room_for_Squares/01.No_Such_Thing.flac"
2026-04-08T14:45:43 player: played "John_Mayer-Room_for_Squares/02.Why_Georgia.flac"
2026-04-08T14:55:49 player: played "John_Mayer-Room_for_Squares/03.My_Stupid_Mouth.flac"
2026-04-08T15:01:05 player: played "John_Mayer-Room_for_Squares/04.Your_Body_Is_a_Wonderland.flac"
2026-04-08T15:05:27 player: played "John_Mayer-Room_for_Squares/05.Neon.flac"
2026-04-08T15:09:27 player: played "John_Mayer-Room_for_Squares/06.City_Love.flac"
2026-04-08T19:17:27 player: played "John_Mayer-Room_for_Squares/07.83.flac"
2026-04-10T11:31:15 player: played "John_Mayer-Room_for_Squares/07.83.flac"
2026-04-10T11:32:19 exception: Failed to decode "/Users/andrewmoore/nas/music/John_Mayer-Room_for_Squares/07.83.flac"; Failed to open "/Users/andrewmoore/nas/music/John_Mayer-Room_for_Squares/07.83.flac": No such file or directory
2026-04-10T11:32:19 player: played "John_Mayer-Room_for_Squares/07.83.flac"
